Component: ARM Compiler 5.06 update 7 (build 960) Tool: armlink [4d3601]

==============================================================================

Section Cross References

    main.o(i.UART4_IRQHandler) refers to main.o(.data) for dato_recibido
    main.o(i._Z13dividir_datoss) refers to main.o(.data) for caracter1
    main.o(i._Z7lecturav) refers to main.o(i._Z10leer_datoscc) for leer_datos(char, char)
    main.o(i._Z7lecturav) refers to dflti.o(.text) for __aeabi_i2d
    main.o(i._Z7lecturav) refers to dmul.o(.text) for __aeabi_dmul
    main.o(i._Z7lecturav) refers to ddiv.o(.text) for __aeabi_ddiv
    main.o(i._Z7lecturav) refers to d2f.o(.text) for __aeabi_d2f
    main.o(i._Z7lecturav) refers to dadd.o(.text) for __aeabi_dadd
    main.o(i._Z7lecturav) refers to main.o(.data) for aceleracion_X
    main.o(i.main) refers to main.o(i._Z8escribirccc) for escribir(char, char, char)
    main.o(i.main) refers to main.o(i._Z10leer_datoscc) for leer_datos(char, char)
    main.o(i.main) refers to dflti.o(.text) for __aeabi_i2d
    main.o(i.main) refers to dmul.o(.text) for __aeabi_dmul
    main.o(i.main) refers to ddiv.o(.text) for __aeabi_ddiv
    main.o(i.main) refers to d2f.o(.text) for __aeabi_d2f
    main.o(i.main) refers to dadd.o(.text) for __aeabi_dadd
    main.o(i.main) refers to main.o(.data) for aceleracion_X
    main.o(.ARM.exidx) refers to main.o(i._Z8escribirccc) for i._Z8escribirccc
    main.o(.ARM.exidx) refers to main.o(i._Z10leer_datoscc) for i._Z10leer_datoscc
    main.o(.ARM.exidx) refers to main.o(i._Z7lecturav) for i._Z7lecturav
    main.o(.ARM.exidx) refers to main.o(i._Z15enviar_caracterc) for i._Z15enviar_caracterc
    main.o(.ARM.exidx) refers to main.o(i._Z12enviar_frasePcc) for i._Z12enviar_frasePcc
    main.o(.ARM.exidx) refers to main.o(i._Z13dividir_datoss) for i._Z13dividir_datoss
    main.o(.ARM.exidx) refers to main.o(i.UART4_IRQHandler) for i.UART4_IRQHandler
    main.o(.ARM.exidx) refers to main.o(i.main) for i.main
    basicmathfunctions.o(i.arm_shift_q31) refers to llshl.o(.text) for __aeabi_llsl
    bayesfunctions.o(i.arm_gaussian_naive_bayes_predict_f32) refers to logf.o(i.__hardfp_logf) for __hardfp_logf
    bayesfunctions.o(i.arm_gaussian_naive_bayes_predict_f32) refers to statisticsfunctions.o(i.arm_max_f32) for arm_max_f32
    complexmathfunctions.o(i.arm_cmplx_mag_q15) refers to fastmathfunctions.o(i.arm_sqrt_q15) for arm_sqrt_q15
    complexmathfunctions.o(i.arm_cmplx_mag_q31) refers to fastmathfunctions.o(i.arm_sqrt_q31) for arm_sqrt_q31
    controllerfunctions.o(i.arm_sin_cos_f32) refers to commontables.o(.constdata) for sinTable_f32
    controllerfunctions.o(i.arm_sin_cos_q31) refers to commontables.o(.constdata) for sinTable_q31
    distancefunctions.o(i.arm_correlation_distance_f32) refers to statisticsfunctions.o(i.arm_mean_f32) for arm_mean_f32
    distancefunctions.o(i.arm_correlation_distance_f32) refers to basicmathfunctions.o(i.arm_offset_f32) for arm_offset_f32
    distancefunctions.o(i.arm_correlation_distance_f32) refers to statisticsfunctions.o(i.arm_power_f32) for arm_power_f32
    distancefunctions.o(i.arm_correlation_distance_f32) refers to basicmathfunctions.o(i.arm_dot_prod_f32) for arm_dot_prod_f32
    distancefunctions.o(i.arm_cosine_distance_f32) refers to statisticsfunctions.o(i.arm_power_f32) for arm_power_f32
    distancefunctions.o(i.arm_cosine_distance_f32) refers to basicmathfunctions.o(i.arm_dot_prod_f32) for arm_dot_prod_f32
    distancefunctions.o(i.arm_dice_distance) refers to distancefunctions.o(i.arm_boolean_distance_TT_TF_FT) for arm_boolean_distance_TT_TF_FT
    distancefunctions.o(i.arm_dice_distance) refers to dfltui.o(.text) for __aeabi_ui2d
    distancefunctions.o(i.arm_dice_distance) refers to dmul.o(.text) for __aeabi_dmul
    distancefunctions.o(i.arm_dice_distance) refers to dadd.o(.text) for __aeabi_dadd
    distancefunctions.o(i.arm_dice_distance) refers to ddiv.o(.text) for __aeabi_ddiv
    distancefunctions.o(i.arm_dice_distance) refers to d2f.o(.text) for __aeabi_d2f
    distancefunctions.o(i.arm_hamming_distance) refers to distancefunctions.o(i.arm_boolean_distance_TF_FT) for arm_boolean_distance_TF_FT
    distancefunctions.o(i.arm_hamming_distance) refers to dfltui.o(.text) for __aeabi_ui2d
    distancefunctions.o(i.arm_hamming_distance) refers to dmul.o(.text) for __aeabi_dmul
    distancefunctions.o(i.arm_hamming_distance) refers to ddiv.o(.text) for __aeabi_ddiv
    distancefunctions.o(i.arm_hamming_distance) refers to d2f.o(.text) for __aeabi_d2f
    distancefunctions.o(i.arm_jaccard_distance) refers to distancefunctions.o(i.arm_boolean_distance_TT_TF_FT) for arm_boolean_distance_TT_TF_FT
    distancefunctions.o(i.arm_jaccard_distance) refers to dfltui.o(.text) for __aeabi_ui2d
    distancefunctions.o(i.arm_jaccard_distance) refers to dmul.o(.text) for __aeabi_dmul
    distancefunctions.o(i.arm_jaccard_distance) refers to ddiv.o(.text) for __aeabi_ddiv
[...]
    powf_x.o(i.____hardfp_powf$lsc) refers (Special) to iusefp.o(.text) for __I$use$fp
    powf_x.o(i.____hardfp_powf$lsc) refers to fpstat.o(.text) for __ieee_status
    powf_x.o(i.____hardfp_powf$lsc) refers to errno.o(i.__set_errno) for __set_errno
    powf_x.o(i.____hardfp_powf$lsc) refers to powf_x.o(.constdata) for .constdata
    powf_x.o(i.____hardfp_powf$lsc) refers to funder.o(i.__mathlib_flt_infnan2) for __mathlib_flt_infnan2
    powf_x.o(i.____softfp_powf$lsc) refers (Special) to iusefp.o(.text) for __I$use$fp
    powf_x.o(i.____softfp_powf$lsc) refers to powf_x.o(i.____hardfp_powf$lsc) for ____hardfp_powf$lsc
    powf_x.o(i.__powf$lsc) refers (Special) to iusefp.o(.text) for __I$use$fp
    powf_x.o(i.__powf$lsc) refers to powf_x.o(i.____hardfp_powf$lsc) for ____hardfp_powf$lsc
    powf_x.o(.constdata) refers (Special) to iusefp.o(.text) for __I$use$fp
    sqrt.o(i.__hardfp_sqrt) refers (Special) to iusefp.o(.text) for __I$use$fp
    sqrt.o(i.__hardfp_sqrt) refers to dsqrt.o(.text) for _dsqrt
    sqrt.o(i.__hardfp_sqrt) refers to errno.o(i.__set_errno) for __set_errno
    sqrt.o(i.__softfp_sqrt) refers (Special) to iusefp.o(.text) for __I$use$fp
    sqrt.o(i.__softfp_sqrt) refers to dsqrt.o(.text) for _dsqrt
    sqrt.o(i.__softfp_sqrt) refers to errno.o(i.__set_errno) for __set_errno
    sqrt.o(i.sqrt) refers (Special) to iusefp.o(.text) for __I$use$fp
    sqrt.o(i.sqrt) refers to dsqrt.o(.text) for _dsqrt
    sqrt.o(i.sqrt) refers to errno.o(i.__set_errno) for __set_errno
    sqrt_x.o(i.____hardfp_sqrt$lsc) refers (Special) to iusefp.o(.text) for __I$use$fp
    sqrt_x.o(i.____hardfp_sqrt$lsc) refers to cdcmple.o(.text) for __aeabi_cdcmple
    sqrt_x.o(i.____hardfp_sqrt$lsc) refers to errno.o(i.__set_errno) for __set_errno
    sqrt_x.o(i.____hardfp_sqrt$lsc) refers to dsqrt.o(.text) for _dsqrt
    sqrt_x.o(i.____softfp_sqrt$lsc) refers (Special) to iusefp.o(.text) for __I$use$fp
    sqrt_x.o(i.____softfp_sqrt$lsc) refers to cdcmple.o(.text) for __aeabi_cdcmple
    sqrt_x.o(i.____softfp_sqrt$lsc) refers to errno.o(i.__set_errno) for __set_errno
    sqrt_x.o(i.____softfp_sqrt$lsc) refers to dsqrt.o(.text) for _dsqrt
    sqrt_x.o(i.__sqrt$lsc) refers (Special) to iusefp.o(.text) for __I$use$fp
    sqrt_x.o(i.__sqrt$lsc) refers to cdcmple.o(.text) for __aeabi_cdcmple
    sqrt_x.o(i.__sqrt$lsc) refers to errno.o(i.__set_errno) for __set_errno
    sqrt_x.o(i.__sqrt$lsc) refers to dsqrt.o(.text) for _dsqrt
    sqrtf.o(i.__hardfp_sqrtf) refers (Special) to iusefp.o(.text) for __I$use$fp
    sqrtf.o(i.__hardfp_sqrtf) refers to errno.o(i.__set_errno) for __set_errno
    sqrtf.o(i.__softfp_sqrtf) refers (Special) to iusefp.o(.text) for __I$use$fp
    sqrtf.o(i.__softfp_sqrtf) refers to errno.o(i.__set_errno) for __set_errno
    sqrtf.o(i.sqrtf) refers (Special) to iusefp.o(.text) for __I$use$fp
    sqrtf.o(i.sqrtf) refers to errno.o(i.__set_errno) for __set_errno
    sqrtf_x.o(i.____hardfp_sqrtf$lsc) refers (Special) to iusefp.o(.text) for __I$use$fp
    sqrtf_x.o(i.____hardfp_sqrtf$lsc) refers to errno.o(i.__set_errno) for __set_errno
    sqrtf_x.o(i.____softfp_sqrtf$lsc) refers (Special) to iusefp.o(.text) for __I$use$fp
    sqrtf_x.o(i.____softfp_sqrtf$lsc) refers to errno.o(i.__set_errno) for __set_errno
    sqrtf_x.o(i.__sqrtf$lsc) refers (Special) to iusefp.o(.text) for __I$use$fp
    sqrtf_x.o(i.__sqrtf$lsc) refers to errno.o(i.__set_errno) for __set_errno
    tanhf.o(i.__hardfp_tanhf) refers (Special) to iusefp.o(.text) for __I$use$fp
    tanhf.o(i.__hardfp_tanhf) refers to expf.o(i.__hardfp_expf) for __hardfp_expf
    tanhf.o(i.__hardfp_tanhf) refers to fpclassifyf.o(i.__ARM_fpclassifyf) for __ARM_fpclassifyf
    tanhf.o(i.__hardfp_tanhf) refers to funder.o(i.__mathlib_flt_underflow) for __mathlib_flt_underflow
    tanhf.o(i.__hardfp_tanhf) refers to funder.o(i.__mathlib_flt_infnan) for __mathlib_flt_infnan
    tanhf.o(i.__softfp_tanhf) refers (Special) to iusefp.o(.text) for __I$use$fp
    tanhf.o(i.__softfp_tanhf) refers to tanhf.o(i.__hardfp_tanhf) for __hardfp_tanhf
    tanhf.o(i.tanhf) refers (Special) to iusefp.o(.text) for __I$use$fp
    tanhf.o(i.tanhf) refers to tanhf.o(i.__hardfp_tanhf) for __hardfp_tanhf
    tanhf_x.o(i.____hardfp_tanhf$lsc) refers (Special) to iusefp.o(.text) for __I$use$fp
    tanhf_x.o(i.____hardfp_tanhf$lsc) refers to expf.o(i.__hardfp_expf) for __hardfp_expf
    tanhf_x.o(i.____hardfp_tanhf$lsc) refers to funder.o(i.__mathlib_flt_infnan) for __mathlib_flt_infnan
    tanhf_x.o(i.____softfp_tanhf$lsc) refers (Special) to iusefp.o(.text) for __I$use$fp
    tanhf_x.o(i.____softfp_tanhf$lsc) refers to tanhf_x.o(i.____hardfp_tanhf$lsc) for ____hardfp_tanhf$lsc
    tanhf_x.o(i.__tanhf$lsc) refers (Special) to iusefp.o(.text) for __I$use$fp
    tanhf_x.o(i.__tanhf$lsc) refers to tanhf_x.o(i.____hardfp_tanhf$lsc) for ____hardfp_tanhf$lsc
    entry.o(.ARM.Collect$$$$00000000) refers (Special) to entry10a.o(.ARM.Collect$$$$0000000F) for __rt_final_cpp
    entry.o(.ARM.Collect$$$$00000000) refers (Special) to entry11a.o(.ARM.Collect$$$$00000011) for __rt_final_exit
    entry.o(.ARM.Collect$$$$00000000) refers (Special) to entry12b.o(.ARM.Collect$$$$0000000E) for __rt_lib_shutdown_fini
    entry.o(.ARM.Collect$$$$00000000) refers (Special) to entry7b.o(.ARM.Collect$$$$00000008) for _main_clock
    entry.o(.ARM.Collect$$$$00000000) refers (Special) to entry8b.o(.ARM.Collect$$$$0000000A) for _main_cpp_init
    entry.o(.ARM.Collect$$$$00000000) refers (Special) to entry9a.o(.ARM.Collect$$$$0000000B) for _main_init
    entry.o(.ARM.Collect$$$$00000000) refers (Special) to entry5.o(.ARM.Collect$$$$00000004) for _main_scatterload
    entry.o(.ARM.Collect$$$$00000000) refers (Special) to entry2.o(.ARM.Collect$$$$00000001) for _main_stk
    uldiv.o(.text) refers to llushr.o(.text) for __aeabi_llsr
    uldiv.o(.text) refers to llshl.o(.text) for __aeabi_llsl
    ldiv.o(.text) refers to uldiv.o(.text) for __aeabi_uldivmod
    dadd.o(.text) refers (Special) to iusefp.o(.text) for __I$use$fp
    dadd.o(.text) refers to llshl.o(.text) for __aeabi_llsl
    dadd.o(.text) refers to llsshr.o(.text) for __aeabi_lasr
    dadd.o(.text) refers to depilogue.o(.text) for _double_epilogue
    dmul.o(.text) refers (Special) to iusefp.o(.text) for __I$use$fp
    dmul.o(.text) refers to depilogue.o(.text) for _double_epilogue
    ddiv.o(.text) refers (Special) to iusefp.o(.text) for __I$use$fp
    ddiv.o(.text) refers to depilogue.o(.text) for _double_round
    dneg.o(.text) refers (Special) to iusefp.o(.text) for __I$use$fp
    dflti.o(.text) refers (Special) to iusefp.o(.text) for __I$use$fp
    dflti.o(.text) refers to depilogue.o(.text) for _double_epilogue
    dfltui.o(.text) refers (Special) to iusefp.o(.text) for __I$use$fp
    dfltui.o(.text) refers to depilogue.o(.text) for _double_epilogue
    ffixl.o(.text) refers (Special) to iusefp.o(.text) for __I$use$fp
    ffixl.o(.text) refers to llshl.o(.text) for __aeabi_llsl
    f2d.o(.text) refers (Special) to iusefp.o(.text) for __I$use$fp
    cdcmple.o(.text) refers (Special) to iusefp.o(.text) for __I$use$fp
    cdrcmple.o(.text) refers (Special) to iusefp.o(.text) for __I$use$fp
    d2f.o(.text) refers (Special) to iusefp.o(.text) for __I$use$fp
    d2f.o(.text) refers to fepilogue.o(.text) for _float_round
    dunder.o(i.__mathlib_dbl_divzero) refers to ddiv.o(.text) for __aeabi_ddiv
    dunder.o(i.__mathlib_dbl_infnan) refers to dadd.o(.text) for __aeabi_dadd
    dunder.o(i.__mathlib_dbl_infnan2) refers to dadd.o(.text) for __aeabi_dadd
    dunder.o(i.__mathlib_dbl_invalid) refers to ddiv.o(.text) for __aeabi_ddiv
    dunder.o(i.__mathlib_dbl_overflow) refers to dmul.o(.text) for __aeabi_dmul
    dunder.o(i.__mathlib_dbl_posinfnan) refers to dmul.o(.text) for __aeabi_dmul
    dunder.o(i.__mathlib_dbl_underflow) refers to dmul.o(.text) for __aeabi_dmul
    fpclassifyf.o(i.__ARM_fpclassifyf) refers (Special) to iusefp.o(.text) for __I$use$fp
    poly.o(i.__kernel_poly) refers (Special) to iusefp.o(.text) for __I$use$fp
    poly.o(i.__kernel_poly) refers to dmul.o(.text) for __aeabi_dmul
    poly.o(i.__kernel_poly) refers to dadd.o(.text) for __aeabi_dadd
    qnan.o(.constdata) refers (Special) to iusefp.o(.text) for __I$use$fp
    entry2.o(.ARM.Collect$$$$00000001) refers to entry2.o(.ARM.Collect$$$$00002712) for __lit__00000000
    entry2.o(.ARM.Collect$$$$00002712) refers to startup_stm32f746xx.o(STACK) for __initial_sp
    entry2.o(__vectab_stack_and_reset_area) refers to startup_stm32f746xx.o(STACK) for __initial_sp
    entry2.o(__vectab_stack_and_reset_area) refers to entry.o(.ARM.Collect$$$$00000000) for __main
    entry5.o(.ARM.Collect$$$$00000004) refers to init.o(.text) for __scatterload
    entry9a.o(.ARM.Collect$$$$0000000B) refers to main.o(i.main) for main
    entry9b.o(.ARM.Collect$$$$0000000C) refers to main.o(i.main) for main
    errno.o(i.__aeabi_errno_addr) refers to errno.o(.data) for .data
    errno.o(i.__read_errno) refers to errno.o(.data) for .data
    errno.o(i.__set_errno) refers to errno.o(.data) for .data
    depilogue.o(.text) refers to llshl.o(.text) for __aeabi_llsl
    depilogue.o(.text) refers to llushr.o(.text) for __aeabi_llsr
    dsqrt.o(.text) refers to llushr.o(.text) for __aeabi_llsr
    dsqrt.o(.text) refers to depilogue.o(.text) for _double_round
    init.o(.text) refers to entry5.o(.ARM.Collect$$$$00000004) for __main_after_scatterload


==============================================================================

Removing Unused input sections from the image.

    Removing main.o(.rev16_text), (4 bytes).
    Removing main.o(.revsh_text), (4 bytes).
    Removing main.o(.rrx_text), (6 bytes).
    Removing main.o(i._Z12enviar_frasePcc), (52 bytes).
    Removing main.o(i._Z13dividir_datoss), (92 bytes).
    Removing main.o(i._Z15enviar_caracterc), (32 bytes).
    Removing main.o(i._Z7lecturav), (248 bytes).
    Removing main.o(.ARM.exidx), (8 bytes).
    Removing main.o(.ARM.exidx), (8 bytes).
    Removing main.o(.ARM.exidx), (8 bytes).
    Removing main.o(.ARM.exidx), (8 bytes).
    Removing main.o(.ARM.exidx), (8 bytes).
    Removing main.o(.ARM.exidx), (8 bytes).
    Removing main.o(.ARM.exidx), (8 bytes).
    Removing main.o(.ARM.exidx), (8 bytes).
    Removing basicmathfunctions.o(.rev16_text), (4 bytes).
    Removing basicmathfunctions.o(.revsh_text), (4 bytes).
    Removing basicmathfunctions.o(.rrx_text), (6 bytes).
    Removing basicmathfunctions.o(i.arm_abs_f32), (26 bytes).
    Removing basicmathfunctions.o(i.arm_abs_q15), (40 bytes).
    Removing basicmathfunctions.o(i.arm_abs_q31), (34 bytes).
    Removing basicmathfunctions.o(i.arm_abs_q7), (40 bytes).
    Removing basicmathfunctions.o(i.arm_add_f32), (30 bytes).
    Removing basicmathfunctions.o(i.arm_add_q15), (32 bytes).
    Removing basicmathfunctions.o(i.arm_add_q31), (24 bytes).
    Removing basicmathfunctions.o(i.arm_add_q7), (32 bytes).
    Removing basicmathfunctions.o(i.arm_and_u16), (28 bytes).
    Removing basicmathfunctions.o(i.arm_and_u32), (22 bytes).
    Removing basicmathfunctions.o(i.arm_and_u8), (28 bytes).
    Removing basicmathfunctions.o(i.arm_clip_f32), (88 bytes).
    Removing basicmathfunctions.o(i.arm_clip_q15), (54 bytes).
    Removing basicmathfunctions.o(i.arm_clip_q31), (54 bytes).
    Removing basicmathfunctions.o(i.arm_clip_q7), (42 bytes).
    Removing basicmathfunctions.o(i.arm_dot_prod_f32), (52 bytes).
    Removing basicmathfunctions.o(i.arm_dot_prod_q15), (54 bytes).
    Removing basicmathfunctions.o(i.arm_dot_prod_q31), (60 bytes).
    Removing basicmathfunctions.o(i.arm_dot_prod_q7), (30 bytes).
    Removing basicmathfunctions.o(i.arm_mult_f32), (30 bytes).
    Removing basicmathfunctions.o(i.arm_mult_q15), (34 bytes).
    Removing basicmathfunctions.o(i.arm_mult_q31), (34 bytes).
    Removing basicmathfunctions.o(i.arm_mult_q7), (34 bytes).
    Removing basicmathfunctions.o(i.arm_negate_f32), (26 bytes).
    Removing basicmathfunctions.o(i.arm_negate_q15), (40 bytes).
    Removing basicmathfunctions.o(i.arm_negate_q31), (24 bytes).
    Removing basicmathfunctions.o(i.arm_negate_q7), (30 bytes).
    Removing basicmathfunctions.o(i.arm_not_u16), (24 bytes).
    Removing basicmathfunctions.o(i.arm_not_u32), (20 bytes).
    Removing basicmathfunctions.o(i.arm_not_u8), (24 bytes).
    Removing basicmathfunctions.o(i.arm_offset_f32), (26 bytes).
    Removing basicmathfunctions.o(i.arm_offset_q15), (28 bytes).
    Removing basicmathfunctions.o(i.arm_offset_q31), (22 bytes).
    Removing basicmathfunctions.o(i.arm_offset_q7), (28 bytes).
    Removing basicmathfunctions.o(i.arm_or_u16), (28 bytes).
    Removing basicmathfunctions.o(i.arm_or_u32), (22 bytes).
    Removing basicmathfunctions.o(i.arm_or_u8), (28 bytes).
    Removing basicmathfunctions.o(i.arm_scale_f32), (26 bytes).
    Removing basicmathfunctions.o(i.arm_scale_q15), (38 bytes).
    Removing basicmathfunctions.o(i.arm_scale_q31), (108 bytes).
    Removing basicmathfunctions.o(i.arm_scale_q7), (38 bytes).
    Removing basicmathfunctions.o(i.arm_shift_q15), (58 bytes).
    Removing basicmathfunctions.o(i.arm_shift_q31), (110 bytes).
    Removing basicmathfunctions.o(i.arm_shift_q7), (58 bytes).
    Removing basicmathfunctions.o(i.arm_sub_f32), (30 bytes).
    Removing basicmathfunctions.o(i.arm_sub_q15), (32 bytes).
    Removing basicmathfunctions.o(i.arm_sub_q31), (24 bytes).
    Removing basicmathfunctions.o(i.arm_sub_q7), (32 bytes).
    Removing basicmathfunctions.o(i.arm_xor_u16), (28 bytes).
    Removing basicmathfunctions.o(i.arm_xor_u32), (22 bytes).
    Removing basicmathfunctions.o(i.arm_xor_u8), (28 bytes).
    Removing basicmathfunctionsf16.o(.rev16_text), (4 bytes).
    Removing basicmathfunctionsf16.o(.revsh_text), (4 bytes).
    Removing basicmathfunctionsf16.o(.rrx_text), (6 bytes).
    Removing bayesfunctions.o(.rev16_text), (4 bytes).
    Removing bayesfunctions.o(.revsh_text), (4 bytes).
    Removing bayesfunctions.o(.rrx_text), (6 bytes).
    Removing bayesfunctions.o(i.arm_gaussian_naive_bayes_predict_f32), (264 bytes).
    Removing bayesfunctionsf16.o(.rev16_text), (4 bytes).
    Removing bayesfunctionsf16.o(.revsh_text), (4 bytes).
    Removing bayesfunctionsf16.o(.rrx_text), (6 bytes).
    Removing commontables.o(.rev16_text), (4 bytes).
    Removing commontables.o(.revsh_text), (4 bytes).
    Removing commontables.o(.rrx_text), (6 bytes).
    Removing commontables.o(.constdata), (920372 bytes).
    Removing commontablesf16.o(.rev16_text), (4 bytes).
    Removing commontablesf16.o(.revsh_text), (4 bytes).
    Removing commontablesf16.o(.rrx_text), (6 bytes).
    Removing complexmathfunctions.o(.rev16_text), (4 bytes).
    Removing complexmathfunctions.o(.revsh_text), (4 bytes).
    Removing complexmathfunctions.o(.rrx_text), (6 bytes).
    Removing complexmathfunctions.o(i.arm_cmplx_conj_f32), (34 bytes).
    Removing complexmathfunctions.o(i.arm_cmplx_conj_q15), (36 bytes).
    Removing complexmathfunctions.o(i.arm_cmplx_conj_q31), (28 bytes).
    Removing complexmathfunctions.o(i.arm_cmplx_dot_prod_f32), (108 bytes).
    Removing complexmathfunctions.o(i.arm_cmplx_dot_prod_q15), (152 bytes).
    Removing complexmathfunctions.o(i.arm_cmplx_dot_prod_q31), (164 bytes).
    Removing complexmathfunctions.o(i.arm_cmplx_mag_f32), (80 bytes).
    Removing complexmathfunctions.o(i.arm_cmplx_mag_q15), (64 bytes).
    Removing complexmathfunctions.o(i.arm_cmplx_mag_q31), (60 bytes).
    Removing complexmathfunctions.o(i.arm_cmplx_mag_squared_f32), (34 bytes).
    Removing complexmathfunctions.o(i.arm_cmplx_mag_squared_q15), (50 bytes).
    Removing complexmathfunctions.o(i.arm_cmplx_mag_squared_q31), (48 bytes).
    Removing complexmathfunctions.o(i.arm_cmplx_mult_cmplx_f32), (54 bytes).
    Removing complexmathfunctions.o(i.arm_cmplx_mult_cmplx_q15), (80 bytes).
    Removing complexmathfunctions.o(i.arm_cmplx_mult_cmplx_q31), (80 bytes).
    Removing complexmathfunctions.o(i.arm_cmplx_mult_real_f32), (42 bytes).
    Removing complexmathfunctions.o(i.arm_cmplx_mult_real_q15), (52 bytes).
    Removing complexmathfunctions.o(i.arm_cmplx_mult_real_q31), (46 bytes).
    Removing complexmathfunctionsf16.o(.rev16_text), (4 bytes).
    Removing complexmathfunctionsf16.o(.revsh_text), (4 bytes).
    Removing complexmathfunctionsf16.o(.rrx_text), (6 bytes).
    Removing controllerfunctions.o(.rev16_text), (4 bytes).
    Removing controllerfunctions.o(.revsh_text), (4 bytes).
    Removing controllerfunctions.o(.rrx_text), (6 bytes).
    Removing controllerfunctions.o(i.arm_pid_init_f32), (64 bytes).
    Removing controllerfunctions.o(i.arm_pid_init_q15), (62 bytes).
    Removing controllerfunctions.o(i.arm_pid_init_q31), (48 bytes).
    Removing controllerfunctions.o(i.arm_pid_reset_f32), (10 bytes).
    Removing controllerfunctions.o(i.arm_pid_reset_q15), (8 bytes).
    Removing controllerfunctions.o(i.arm_pid_reset_q31), (10 bytes).
    Removing controllerfunctions.o(i.arm_sin_cos_f32), (472 bytes).
    Removing controllerfunctions.o(i.arm_sin_cos_q31), (580 bytes).
    Removing distancefunctions.o(.rev16_text), (4 bytes).
    Removing distancefunctions.o(.revsh_text), (4 bytes).
    Removing distancefunctions.o(.rrx_text), (6 bytes).
    Removing distancefunctions.o(i.arm_boolean_distance_TF_FT), (202 bytes).
    Removing distancefunctions.o(i.arm_boolean_distance_TT), (128 bytes).
    Removing distancefunctions.o(i.arm_boolean_distance_TT_FF_TF_FT), (322 bytes).
    Removing distancefunctions.o(i.arm_boolean_distance_TT_TF_FT), (248 bytes).
    Removing distancefunctions.o(i.arm_braycurtis_distance_f32), (76 bytes).
    Removing distancefunctions.o(i.arm_canberra_distance_f32), (84 bytes).
    Removing distancefunctions.o(i.arm_chebyshev_distance_f32), (100 bytes).
    Removing distancefunctions.o(i.arm_cityblock_distance_f32), (48 bytes).
    Removing distancefunctions.o(i.arm_correlation_distance_f32), (228 bytes).
    Removing distancefunctions.o(i.arm_cosine_distance_f32), (108 bytes).
    Removing distancefunctions.o(i.arm_dice_distance), (188 bytes).
    Removing distancefunctions.o(i.arm_euclidean_distance_f32), (100 bytes).
    Removing distancefunctions.o(i.arm_hamming_distance), (112 bytes).
    Removing distancefunctions.o(i.arm_jaccard_distance), (128 bytes).
    Removing distancefunctions.o(i.arm_jensenshannon_distance_f32), (184 bytes).
    Removing distancefunctions.o(i.arm_kulsinski_distance), (132 bytes).
    Removing distancefunctions.o(i.arm_minkowski_distance_f32), (132 bytes).
    Removing distancefunctions.o(i.arm_rogerstanimoto_distance), (136 bytes).
    Removing distancefunctions.o(i.arm_russellrao_distance), (116 bytes).
    Removing distancefunctions.o(i.arm_sokalmichener_distance), (156 bytes).
    Removing distancefunctions.o(i.arm_sokalsneath_distance), (112 bytes).
    Removing distancefunctions.o(i.arm_yule_distance), (180 bytes).
    Removing distancefunctions.o(i.rel_entr), (36 bytes).
    Removing distancefunctionsf16.o(.rev16_text), (4 bytes).
    Removing distancefunctionsf16.o(.revsh_text), (4 bytes).
    Removing distancefunctionsf16.o(.rrx_text), (6 bytes).
    Removing fastmathfunctions.o(.rev16_text), (4 bytes).
    Removing fastmathfunctions.o(.revsh_text), (4 bytes).
    Removing fastmathfunctions.o(.rrx_text), (6 bytes).
    Removing fastmathfunctions.o(i.arm_cos_f32), (164 bytes).
    Removing fastmathfunctions.o(i.arm_cos_q15), (72 bytes).
    Removing fastmathfunctions.o(i.arm_cos_q31), (84 bytes).
    Removing fastmathfunctions.o(i.arm_divide_q15), (110 bytes).
    Removing fastmathfunctions.o(i.arm_sin_f32), (160 bytes).
    Removing fastmathfunctions.o(i.arm_sin_q15), (68 bytes).
    Removing fastmathfunctions.o(i.arm_sin_q31), (80 bytes).
    Removing fastmathfunctions.o(i.arm_sqrt_q15), (296 bytes).
    Removing fastmathfunctions.o(i.arm_sqrt_q31), (320 bytes).
    Removing fastmathfunctions.o(i.arm_vexp_f32), (40 bytes).
    Removing fastmathfunctions.o(i.arm_vlog_f32), (40 bytes).
    Removing fastmathfunctionsf16.o(.rev16_text), (4 bytes).
    Removing fastmathfunctionsf16.o(.revsh_text), (4 bytes).
    Removing fastmathfunctionsf16.o(.rrx_text), (6 bytes).
    Removing filteringfunctions.o(.rev16_text), (4 bytes).
    Removing filteringfunctions.o(.revsh_text), (4 bytes).
    Removing filteringfunctions.o(.rrx_text), (6 bytes).
    Removing filteringfunctions.o(i.arm_biquad_cas_df1_32x64_init_q31), (38 bytes).
    Removing filteringfunctions.o(i.arm_biquad_cas_df1_32x64_q31), (444 bytes).
    Removing filteringfunctions.o(i.arm_biquad_cascade_df1_f32), (172 bytes).
    Removing filteringfunctions.o(i.arm_biquad_cascade_df1_fast_q15), (368 bytes).
    Removing filteringfunctions.o(i.arm_biquad_cascade_df1_fast_q31), (360 bytes).
    Removing filteringfunctions.o(i.arm_biquad_cascade_df1_init_f32), (30 bytes).
    Removing filteringfunctions.o(i.arm_biquad_cascade_df1_init_q15), (40 bytes).
    Removing filteringfunctions.o(i.arm_biquad_cascade_df1_init_q31), (38 bytes).
    Removing filteringfunctions.o(i.arm_biquad_cascade_df1_q15), (846 bytes).
    Removing filteringfunctions.o(i.arm_biquad_cascade_df1_q31), (256 bytes).
    Removing filteringfunctions.o(i.arm_biquad_cascade_df2T_f32), (108 bytes).
    Removing filteringfunctions.o(i.arm_biquad_cascade_df2T_f64), (238 bytes).
    Removing filteringfunctions.o(i.arm_biquad_cascade_df2T_init_f32), (30 bytes).
    Removing filteringfunctions.o(i.arm_biquad_cascade_df2T_init_f64), (30 bytes).
    Removing filteringfunctions.o(i.arm_biquad_cascade_stereo_df2T_f32), (160 bytes).
    Removing filteringfunctions.o(i.arm_biquad_cascade_stereo_df2T_init_f32), (30 bytes).
    Removing filteringfunctions.o(i.arm_conv_f32), (384 bytes).
    Removing filteringfunctions.o(i.arm_conv_fast_opt_q15), (276 bytes).
    Removing filteringfunctions.o(i.arm_conv_fast_q15), (1924 bytes).
    Removing filteringfunctions.o(i.arm_conv_fast_q31), (1498 bytes).
    Removing filteringfunctions.o(i.arm_conv_opt_q15), (314 bytes).
    Removing filteringfunctions.o(i.arm_conv_opt_q7), (890 bytes).
    Removing filteringfunctions.o(i.arm_conv_partial_f32), (592 bytes).
    Removing filteringfunctions.o(i.arm_conv_partial_fast_opt_q15), (344 bytes).
    Removing filteringfunctions.o(i.arm_conv_partial_fast_q15), (1876 bytes).
    Removing filteringfunctions.o(i.arm_conv_partial_fast_q31), (572 bytes).
    Removing filteringfunctions.o(i.arm_conv_partial_opt_q15), (388 bytes).
    Removing filteringfunctions.o(i.arm_conv_partial_opt_q7), (944 bytes).
    Removing filteringfunctions.o(i.arm_conv_partial_q15), (3758 bytes).
    Removing filteringfunctions.o(i.arm_conv_partial_q31), (650 bytes).
    Removing filteringfunctions.o(i.arm_conv_partial_q7), (540 bytes).
    Removing filteringfunctions.o(i.arm_conv_q15), (3528 bytes).
    Removing filteringfunctions.o(i.arm_conv_q31), (488 bytes).
    Removing filteringfunctions.o(i.arm_conv_q7), (376 bytes).
    Removing filteringfunctions.o(i.arm_correlate_f32), (504 bytes).
    Removing filteringfunctions.o(i.arm_correlate_fast_opt_q15), (264 bytes).
    Removing filteringfunctions.o(i.arm_correlate_fast_q15), (1796 bytes).
    Removing filteringfunctions.o(i.arm_correlate_fast_q31), (1634 bytes).
    Removing filteringfunctions.o(i.arm_correlate_opt_q15), (310 bytes).
    Removing filteringfunctions.o(i.arm_correlate_opt_q7), (874 bytes).
    Removing filteringfunctions.o(i.arm_correlate_q15), (3230 bytes).
    Removing filteringfunctions.o(i.arm_correlate_q31), (598 bytes).
    Removing filteringfunctions.o(i.arm_correlate_q7), (474 bytes).
    Removing filteringfunctions.o(i.arm_fir_decimate_f32), (176 bytes).
    Removing filteringfunctions.o(i.arm_fir_decimate_fast_q15), (442 bytes).
    Removing filteringfunctions.o(i.arm_fir_decimate_fast_q31), (222 bytes).
    Removing filteringfunctions.o(i.arm_fir_decimate_init_f32), (66 bytes).
    Removing filteringfunctions.o(i.arm_fir_decimate_init_q15), (66 bytes).
    Removing filteringfunctions.o(i.arm_fir_decimate_init_q31), (66 bytes).
    Removing filteringfunctions.o(i.arm_fir_decimate_q15), (738 bytes).
    Removing filteringfunctions.o(i.arm_fir_decimate_q31), (236 bytes).
    Removing filteringfunctions.o(i.arm_fir_f32), (140 bytes).
    Removing filteringfunctions.o(i.arm_fir_fast_q15), (142 bytes).
    Removing filteringfunctions.o(i.arm_fir_fast_q31), (182 bytes).
    Removing filteringfunctions.o(i.arm_fir_init_f32), (40 bytes).
    Removing filteringfunctions.o(i.arm_fir_init_q15), (56 bytes).
    Removing filteringfunctions.o(i.arm_fir_init_q31), (40 bytes).
    Removing filteringfunctions.o(i.arm_fir_init_q7), (38 bytes).
    Removing filteringfunctions.o(i.arm_fir_interpolate_f32), (184 bytes).
    Removing filteringfunctions.o(i.arm_fir_interpolate_init_f32), (70 bytes).
    Removing filteringfunctions.o(i.arm_fir_interpolate_init_q15), (70 bytes).
    Removing filteringfunctions.o(i.arm_fir_interpolate_init_q31), (70 bytes).
    Removing filteringfunctions.o(i.arm_fir_interpolate_q15), (254 bytes).
    Removing filteringfunctions.o(i.arm_fir_interpolate_q31), (250 bytes).
    Removing filteringfunctions.o(i.arm_fir_lattice_f32), (180 bytes).
    Removing filteringfunctions.o(i.arm_fir_lattice_init_f32), (30 bytes).
    Removing filteringfunctions.o(i.arm_fir_lattice_init_q15), (30 bytes).
    Removing filteringfunctions.o(i.arm_fir_lattice_init_q31), (30 bytes).
    Removing filteringfunctions.o(i.arm_fir_lattice_q15), (188 bytes).
    Removing filteringfunctions.o(i.arm_fir_lattice_q31), (166 bytes).
    Removing filteringfunctions.o(i.arm_fir_q15), (200 bytes).
    Removing filteringfunctions.o(i.arm_fir_q31), (188 bytes).
    Removing filteringfunctions.o(i.arm_fir_q7), (146 bytes).
    Removing filteringfunctions.o(i.arm_fir_sparse_f32), (884 bytes).
    Removing filteringfunctions.o(i.arm_fir_sparse_init_f32), (54 bytes).
    Removing filteringfunctions.o(i.arm_fir_sparse_init_q15), (54 bytes).
    Removing filteringfunctions.o(i.arm_fir_sparse_init_q31), (54 bytes).
    Removing filteringfunctions.o(i.arm_fir_sparse_init_q7), (52 bytes).
    Removing filteringfunctions.o(i.arm_fir_sparse_q15), (950 bytes).
    Removing filteringfunctions.o(i.arm_fir_sparse_q31), (972 bytes).
    Removing filteringfunctions.o(i.arm_fir_sparse_q7), (952 bytes).
    Removing filteringfunctions.o(i.arm_iir_lattice_f32), (184 bytes).
    Removing filteringfunctions.o(i.arm_iir_lattice_init_f32), (42 bytes).
    Removing filteringfunctions.o(i.arm_iir_lattice_init_q15), (42 bytes).
    Removing filteringfunctions.o(i.arm_iir_lattice_init_q31), (42 bytes).
    Removing filteringfunctions.o(i.arm_iir_lattice_q15), (448 bytes).
    Removing filteringfunctions.o(i.arm_iir_lattice_q31), (434 bytes).
    Removing filteringfunctions.o(i.arm_levinson_durbin_f32), (348 bytes).
    Removing filteringfunctions.o(i.arm_levinson_durbin_q31), (568 bytes).
    Removing filteringfunctions.o(i.arm_lms_f32), (228 bytes).
    Removing filteringfunctions.o(i.arm_lms_init_f32), (56 bytes).
    Removing filteringfunctions.o(i.arm_lms_init_q15), (52 bytes).
    Removing filteringfunctions.o(i.arm_lms_init_q31), (52 bytes).
    Removing filteringfunctions.o(i.arm_lms_norm_f32), (304 bytes).
    Removing filteringfunctions.o(i.arm_lms_norm_init_f32), (76 bytes).
    Removing filteringfunctions.o(i.arm_lms_norm_init_q15), (68 bytes).
    Removing filteringfunctions.o(i.arm_lms_norm_init_q31), (68 bytes).
    Removing filteringfunctions.o(i.arm_lms_norm_q15), (618 bytes).
    Removing filteringfunctions.o(i.arm_lms_norm_q31), (646 bytes).
    Removing filteringfunctions.o(i.arm_lms_q15), (380 bytes).
    Removing filteringfunctions.o(i.arm_lms_q31), (304 bytes).
    Removing filteringfunctionsf16.o(.rev16_text), (4 bytes).
    Removing filteringfunctionsf16.o(.revsh_text), (4 bytes).
    Removing filteringfunctionsf16.o(.rrx_text), (6 bytes).
    Removing interpolationfunctions.o(.rev16_text), (4 bytes).
    Removing interpolationfunctions.o(.revsh_text), (4 bytes).
    Removing interpolationfunctions.o(.rrx_text), (6 bytes).
    Removing interpolationfunctions.o(i.arm_bilinear_interp_f32), (196 bytes).
    Removing interpolationfunctions.o(i.arm_bilinear_interp_q15), (244 bytes).
    Removing interpolationfunctions.o(i.arm_bilinear_interp_q31), (202 bytes).
    Removing interpolationfunctions.o(i.arm_bilinear_interp_q7), (212 bytes).
    Removing interpolationfunctions.o(i.arm_linear_interp_f32), (152 bytes).
    Removing interpolationfunctions.o(i.arm_linear_interp_q15), (84 bytes).
    Removing interpolationfunctions.o(i.arm_linear_interp_q31), (68 bytes).
    Removing interpolationfunctions.o(i.arm_linear_interp_q7), (68 bytes).
    Removing interpolationfunctions.o(i.arm_spline_f32), (424 bytes).
    Removing interpolationfunctions.o(i.arm_spline_init_f32), (556 bytes).
    Removing interpolationfunctionsf16.o(.rev16_text), (4 bytes).
    Removing interpolationfunctionsf16.o(.revsh_text), (4 bytes).
    Removing interpolationfunctionsf16.o(.rrx_text), (6 bytes).
    Removing matrixfunctions.o(.rev16_text), (4 bytes).
    Removing matrixfunctions.o(.revsh_text), (4 bytes).
    Removing matrixfunctions.o(.rrx_text), (6 bytes).
    Removing matrixfunctions.o(i.arm_mat_add_f32), (56 bytes).
    Removing matrixfunctions.o(i.arm_mat_add_q15), (60 bytes).
    Removing matrixfunctions.o(i.arm_mat_add_q31), (56 bytes).
    Removing matrixfunctions.o(i.arm_mat_cholesky_f32), (250 bytes).
    Removing matrixfunctions.o(i.arm_mat_cholesky_f64), (368 bytes).
    Removing matrixfunctions.o(i.arm_mat_cmplx_mult_f32), (224 bytes).
    Removing matrixfunctions.o(i.arm_mat_cmplx_mult_q15), (516 bytes).
    Removing matrixfunctions.o(i.arm_mat_cmplx_mult_q31), (314 bytes).
    Removing matrixfunctions.o(i.arm_mat_cmplx_trans_f32), (94 bytes).
    Removing matrixfunctions.o(i.arm_mat_cmplx_trans_q15), (96 bytes).
    Removing matrixfunctions.o(i.arm_mat_cmplx_trans_q31), (94 bytes).
    Removing matrixfunctions.o(i.arm_mat_init_f32), (8 bytes).
    Removing matrixfunctions.o(i.arm_mat_init_q15), (8 bytes).
    Removing matrixfunctions.o(i.arm_mat_init_q31), (8 bytes).
    Removing matrixfunctions.o(i.arm_mat_inverse_f32), (616 bytes).
    Removing matrixfunctions.o(i.arm_mat_inverse_f64), (860 bytes).
    Removing matrixfunctions.o(i.arm_mat_ldlt_f32), (628 bytes).
    Removing matrixfunctions.o(i.arm_mat_ldlt_f64), (752 bytes).
    Removing matrixfunctions.o(i.arm_mat_mult_f32), (188 bytes).
    Removing matrixfunctions.o(i.arm_mat_mult_f64), (304 bytes).
    Removing matrixfunctions.o(i.arm_mat_mult_fast_q15), (1112 bytes).
    Removing matrixfunctions.o(i.arm_mat_mult_fast_q31), (574 bytes).
    Removing matrixfunctions.o(i.arm_mat_mult_q15), (542 bytes).
    Removing matrixfunctions.o(i.arm_mat_mult_q31), (172 bytes).
    Removing matrixfunctions.o(i.arm_mat_mult_q7), (158 bytes).
    Removing matrixfunctions.o(i.arm_mat_scale_f32), (44 bytes).
    Removing matrixfunctions.o(i.arm_mat_scale_q15), (62 bytes).
    Removing matrixfunctions.o(i.arm_mat_scale_q31), (80 bytes).
    Removing matrixfunctions.o(i.arm_mat_solve_lower_triangular_f32), (176 bytes).
    Removing matrixfunctions.o(i.arm_mat_solve_lower_triangular_f64), (276 bytes).
    Removing matrixfunctions.o(i.arm_mat_solve_upper_triangular_f32), (176 bytes).
    Removing matrixfunctions.o(i.arm_mat_solve_upper_triangular_f64), (276 bytes).
    Removing matrixfunctions.o(i.arm_mat_sub_f32), (56 bytes).
    Removing matrixfunctions.o(i.arm_mat_sub_f64), (112 bytes).
    Removing matrixfunctions.o(i.arm_mat_sub_q15), (60 bytes).
    Removing matrixfunctions.o(i.arm_mat_sub_q31), (56 bytes).
    Removing matrixfunctions.o(i.arm_mat_trans_f32), (68 bytes).
    Removing matrixfunctions.o(i.arm_mat_trans_f64), (160 bytes).
    Removing matrixfunctions.o(i.arm_mat_trans_q15), (70 bytes).
    Removing matrixfunctions.o(i.arm_mat_trans_q31), (68 bytes).
    Removing matrixfunctions.o(i.arm_mat_trans_q7), (84 bytes).
    Removing matrixfunctions.o(i.arm_mat_vec_mult_f32), (388 bytes).
    Removing matrixfunctions.o(i.arm_mat_vec_mult_q15), (1048 bytes).
    Removing matrixfunctions.o(i.arm_mat_vec_mult_q31), (468 bytes).
    Removing matrixfunctions.o(i.arm_mat_vec_mult_q7), (914 bytes).
    Removing matrixfunctionsf16.o(.rev16_text), (4 bytes).
    Removing matrixfunctionsf16.o(.revsh_text), (4 bytes).
    Removing matrixfunctionsf16.o(.rrx_text), (6 bytes).
    Removing quaternionmathfunctions.o(.rev16_text), (4 bytes).
    Removing quaternionmathfunctions.o(.revsh_text), (4 bytes).
    Removing quaternionmathfunctions.o(.rrx_text), (6 bytes).
    Removing quaternionmathfunctions.o(i.arm_quaternion2rotation_f32), (598 bytes).
    Removing quaternionmathfunctions.o(i.arm_quaternion_conjugate_f32), (116 bytes).
    Removing quaternionmathfunctions.o(i.arm_quaternion_inverse_f32), (232 bytes).
    Removing quaternionmathfunctions.o(i.arm_quaternion_norm_f32), (148 bytes).
    Removing quaternionmathfunctions.o(i.arm_quaternion_normalize_f32), (248 bytes).
    Removing quaternionmathfunctions.o(i.arm_quaternion_product_f32), (36 bytes).
    Removing quaternionmathfunctions.o(i.arm_quaternion_product_single_f32), (210 bytes).
    Removing quaternionmathfunctions.o(i.arm_rotation2quaternion_f32), (1108 bytes).
    Removing svmfunctions.o(.rev16_text), (4 bytes).
    Removing svmfunctions.o(.revsh_text), (4 bytes).
    Removing svmfunctions.o(.rrx_text), (6 bytes).
    Removing svmfunctions.o(i.arm_svm_linear_init_f32), (22 bytes).
    Removing svmfunctions.o(i.arm_svm_linear_predict_f32), (132 bytes).
    Removing svmfunctions.o(i.arm_svm_polynomial_init_f32), (32 bytes).
    Removing svmfunctions.o(i.arm_svm_polynomial_predict_f32), (172 bytes).
    Removing svmfunctions.o(i.arm_svm_rbf_init_f32), (26 bytes).
    Removing svmfunctions.o(i.arm_svm_rbf_predict_f32), (196 bytes).
    Removing svmfunctions.o(i.arm_svm_sigmoid_init_f32), (30 bytes).
    Removing svmfunctions.o(i.arm_svm_sigmoid_predict_f32), (172 bytes).
    Removing svmfunctionsf16.o(.rev16_text), (4 bytes).
    Removing svmfunctionsf16.o(.revsh_text), (4 bytes).
    Removing svmfunctionsf16.o(.rrx_text), (6 bytes).
    Removing statisticsfunctions.o(.rev16_text), (4 bytes).
    Removing statisticsfunctions.o(.revsh_text), (4 bytes).
    Removing statisticsfunctions.o(.rrx_text), (6 bytes).
    Removing statisticsfunctions.o(i.arm_absmax_f32), (60 bytes).
    Removing statisticsfunctions.o(i.arm_absmax_q15), (268 bytes).
    Removing statisticsfunctions.o(i.arm_absmax_q31), (232 bytes).
    Removing statisticsfunctions.o(i.arm_absmax_q7), (268 bytes).
    Removing statisticsfunctions.o(i.arm_absmin_f32), (60 bytes).
    Removing statisticsfunctions.o(i.arm_absmin_q15), (268 bytes).
    Removing statisticsfunctions.o(i.arm_absmin_q31), (232 bytes).
    Removing statisticsfunctions.o(i.arm_absmin_q7), (268 bytes).
    Removing statisticsfunctions.o(i.arm_entropy_f32), (72 bytes).
    Removing statisticsfunctions.o(i.arm_entropy_f64), (116 bytes).
    Removing statisticsfunctions.o(i.arm_kullback_leibler_f32), (88 bytes).
    Removing statisticsfunctions.o(i.arm_kullback_leibler_f64), (144 bytes).
    Removing statisticsfunctions.o(i.arm_logsumexp_dot_prod_f32), (52 bytes).
    Removing statisticsfunctions.o(i.arm_logsumexp_f32), (128 bytes).
    Removing statisticsfunctions.o(i.arm_max_f32), (52 bytes).
    Removing statisticsfunctions.o(i.arm_max_no_idx_f32), (44 bytes).
    Removing statisticsfunctions.o(i.arm_max_q15), (40 bytes).
    Removing statisticsfunctions.o(i.arm_max_q31), (36 bytes).
    Removing statisticsfunctions.o(i.arm_max_q7), (40 bytes).
    Removing statisticsfunctions.o(i.arm_mean_f32), (56 bytes).
    Removing statisticsfunctions.o(i.arm_mean_q15), (30 bytes).
    Removing statisticsfunctions.o(i.arm_mean_q31), (56 bytes).
    Removing statisticsfunctions.o(i.arm_mean_q7), (30 bytes).
    Removing statisticsfunctions.o(i.arm_min_f32), (52 bytes).
    Removing statisticsfunctions.o(i.arm_min_q15), (40 bytes).
    Removing statisticsfunctions.o(i.arm_min_q31), (36 bytes).
    Removing statisticsfunctions.o(i.arm_min_q7), (40 bytes).
    Removing statisticsfunctions.o(i.arm_power_f32), (48 bytes).
    Removing statisticsfunctions.o(i.arm_power_q15), (50 bytes).
    Removing statisticsfunctions.o(i.arm_power_q31), (54 bytes).
    Removing statisticsfunctions.o(i.arm_power_q7), (28 bytes).
    Removing statisticsfunctions.o(i.arm_rms_f32), (84 bytes).
    Removing statisticsfunctions.o(i.arm_rms_q15), (78 bytes).
    Removing statisticsfunctions.o(i.arm_rms_q31), (96 bytes).
    Removing statisticsfunctions.o(i.arm_std_f32), (60 bytes).
    Removing statisticsfunctions.o(i.arm_std_q15), (128 bytes).
    Removing statisticsfunctions.o(i.arm_std_q31), (168 bytes).
    Removing statisticsfunctions.o(i.arm_var_f32), (136 bytes).
    Removing statisticsfunctions.o(i.arm_var_q15), (152 bytes).
    Removing statisticsfunctions.o(i.arm_var_q31), (166 bytes).
    Removing statisticsfunctionsf16.o(.rev16_text), (4 bytes).
    Removing statisticsfunctionsf16.o(.revsh_text), (4 bytes).
    Removing statisticsfunctionsf16.o(.rrx_text), (6 bytes).
    Removing supportfunctions.o(.rev16_text), (4 bytes).
    Removing supportfunctions.o(.revsh_text), (4 bytes).
    Removing supportfunctions.o(.rrx_text), (6 bytes).
    Removing supportfunctions.o(i.arm_barycenter_f32), (136 bytes).
    Removing supportfunctions.o(i.arm_bitonic_sort_core_f32), (170 bytes).
    Removing supportfunctions.o(i.arm_bitonic_sort_f32), (92 bytes).
    Removing supportfunctions.o(i.arm_bubble_sort_f32), (156 bytes).
    Removing supportfunctions.o(i.arm_copy_f32), (22 bytes).
    Removing supportfunctions.o(i.arm_copy_q15), (22 bytes).
    Removing supportfunctions.o(i.arm_copy_q31), (18 bytes).
    Removing supportfunctions.o(i.arm_copy_q7), (22 bytes).
    Removing supportfunctions.o(i.arm_fill_f32), (16 bytes).
    Removing supportfunctions.o(i.arm_fill_q15), (18 bytes).
    Removing supportfunctions.o(i.arm_fill_q31), (16 bytes).
    Removing supportfunctions.o(i.arm_fill_q7), (18 bytes).
    Removing supportfunctions.o(i.arm_float_to_q15), (48 bytes).
    Removing supportfunctions.o(i.arm_float_to_q31), (80 bytes).
    Removing supportfunctions.o(i.arm_float_to_q7), (48 bytes).
    Removing supportfunctions.o(i.arm_heap_sort_f32), (120 bytes).
    Removing supportfunctions.o(i.arm_heapify), (170 bytes).
    Removing supportfunctions.o(i.arm_insertion_sort_f32), (142 bytes).
    Removing supportfunctions.o(i.arm_merge_sort_core_f32), (76 bytes).
    Removing supportfunctions.o(i.arm_merge_sort_f32), (62 bytes).
    Removing supportfunctions.o(i.arm_merge_sort_init_f32), (6 bytes).
    Removing supportfunctions.o(i.arm_q15_to_float), (44 bytes).
    Removing supportfunctions.o(i.arm_q15_to_q31), (24 bytes).
    Removing supportfunctions.o(i.arm_q15_to_q7), (26 bytes).
    Removing supportfunctions.o(i.arm_q31_to_float), (40 bytes).
    Removing supportfunctions.o(i.arm_q31_to_q15), (24 bytes).
    Removing supportfunctions.o(i.arm_q31_to_q7), (24 bytes).
    Removing supportfunctions.o(i.arm_q7_to_float), (44 bytes).
    Removing supportfunctions.o(i.arm_q7_to_q15), (26 bytes).
    Removing supportfunctions.o(i.arm_q7_to_q31), (24 bytes).
    Removing supportfunctions.o(i.arm_quick_sort_core_f32), (60 bytes).
    Removing supportfunctions.o(i.arm_quick_sort_f32), (50 bytes).
    Removing supportfunctions.o(i.arm_quick_sort_partition_f32), (168 bytes).
    Removing supportfunctions.o(i.arm_selection_sort_f32), (162 bytes).
    Removing supportfunctions.o(i.arm_sort_f32), (118 bytes).
    Removing supportfunctions.o(i.arm_sort_init_f32), (6 bytes).
    Removing supportfunctions.o(i.arm_weighted_sum_f32), (76 bytes).
    Removing supportfunctions.o(i.topDownMerge), (118 bytes).
    Removing supportfunctionsf16.o(.rev16_text), (4 bytes).
    Removing supportfunctionsf16.o(.revsh_text), (4 bytes).
    Removing supportfunctionsf16.o(.rrx_text), (6 bytes).
    Removing transformfunctions.o(.rev16_text), (4 bytes).
    Removing transformfunctions.o(.revsh_text), (4 bytes).
    Removing transformfunctions.o(.rrx_text), (6 bytes).
    Removing transformfunctions.o(i.arm_bitreversal_16), (74 bytes).
    Removing transformfunctions.o(i.arm_bitreversal_32), (72 bytes).
    Removing transformfunctions.o(i.arm_bitreversal_64), (176 bytes).
    Removing transformfunctions.o(i.arm_bitreversal_f32), (430 bytes).
    Removing transformfunctions.o(i.arm_bitreversal_q15), (134 bytes).
    Removing transformfunctions.o(i.arm_bitreversal_q31), (356 bytes).
    Removing transformfunctions.o(i.arm_cfft_f32), (240 bytes).
    Removing transformfunctions.o(i.arm_cfft_f64), (308 bytes).
    Removing transformfunctions.o(i.arm_cfft_init_f32), (288 bytes).
    Removing transformfunctions.o(i.arm_cfft_init_f64), (288 bytes).
    Removing transformfunctions.o(i.arm_cfft_init_q15), (288 bytes).
    Removing transformfunctions.o(i.arm_cfft_init_q31), (288 bytes).
    Removing transformfunctions.o(i.arm_cfft_q15), (226 bytes).
    Removing transformfunctions.o(i.arm_cfft_q31), (226 bytes).
    Removing transformfunctions.o(i.arm_cfft_radix2_f32), (66 bytes).
    Removing transformfunctions.o(i.arm_cfft_radix2_init_f32), (328 bytes).
    Removing transformfunctions.o(i.arm_cfft_radix2_init_q15), (220 bytes).
    Removing transformfunctions.o(i.arm_cfft_radix2_init_q31), (220 bytes).
    Removing transformfunctions.o(i.arm_cfft_radix2_q15), (52 bytes).
    Removing transformfunctions.o(i.arm_cfft_radix2_q31), (52 bytes).
    Removing transformfunctions.o(i.arm_cfft_radix4_f32), (66 bytes).
    Removing transformfunctions.o(i.arm_cfft_radix4_init_f32), (204 bytes).
    Removing transformfunctions.o(i.arm_cfft_radix4_init_q15), (144 bytes).
    Removing transformfunctions.o(i.arm_cfft_radix4_init_q31), (144 bytes).
    Removing transformfunctions.o(i.arm_cfft_radix4_q15), (58 bytes).
    Removing transformfunctions.o(i.arm_cfft_radix4_q31), (58 bytes).
    Removing transformfunctions.o(i.arm_cfft_radix4by2_f64), (452 bytes).
    Removing transformfunctions.o(i.arm_cfft_radix4by2_inverse_q15), (340 bytes).
    Removing transformfunctions.o(i.arm_cfft_radix4by2_inverse_q31), (380 bytes).
    Removing transformfunctions.o(i.arm_cfft_radix4by2_q15), (340 bytes).
    Removing transformfunctions.o(i.arm_cfft_radix4by2_q31), (380 bytes).
    Removing transformfunctions.o(i.arm_cfft_radix8by2_f32), (778 bytes).
    Removing transformfunctions.o(i.arm_cfft_radix8by4_f32), (1970 bytes).
    Removing transformfunctions.o(i.arm_dct4_f32), (254 bytes).
    Removing transformfunctions.o(i.arm_dct4_init_f32), (164 bytes).
    Removing transformfunctions.o(i.arm_dct4_init_q15), (156 bytes).
    Removing transformfunctions.o(i.arm_dct4_init_q31), (156 bytes).
    Removing transformfunctions.o(i.arm_dct4_q15), (244 bytes).
    Removing transformfunctions.o(i.arm_dct4_q31), (226 bytes).
    Removing transformfunctions.o(i.arm_radix2_butterfly_f32), (772 bytes).
    Removing transformfunctions.o(i.arm_radix2_butterfly_inverse_f32), (802 bytes).
    Removing transformfunctions.o(i.arm_radix2_butterfly_inverse_q15), (1492 bytes).
    Removing transformfunctions.o(i.arm_radix2_butterfly_inverse_q31), (1076 bytes).
    Removing transformfunctions.o(i.arm_radix2_butterfly_q15), (1628 bytes).
    Removing transformfunctions.o(i.arm_radix2_butterfly_q31), (1102 bytes).
    Removing transformfunctions.o(i.arm_radix4_butterfly_f32), (666 bytes).
    Removing transformfunctions.o(i.arm_radix4_butterfly_f64), (1202 bytes).
    Removing transformfunctions.o(i.arm_radix4_butterfly_inverse_f32), (1140 bytes).
    Removing transformfunctions.o(i.arm_radix4_butterfly_inverse_q15), (1760 bytes).
    Removing transformfunctions.o(i.arm_radix4_butterfly_inverse_q31), (1912 bytes).
    Removing transformfunctions.o(i.arm_radix4_butterfly_q15), (1760 bytes).
    Removing transformfunctions.o(i.arm_radix4_butterfly_q31), (1912 bytes).
    Removing transformfunctions.o(i.arm_radix8_butterfly_f32), (2824 bytes).
    Removing transformfunctions.o(i.arm_rfft_1024_fast_init_f32), (48 bytes).
    Removing transformfunctions.o(i.arm_rfft_1024_fast_init_f64), (56 bytes).
    Removing transformfunctions.o(i.arm_rfft_128_fast_init_f32), (44 bytes).
    Removing transformfunctions.o(i.arm_rfft_128_fast_init_f64), (52 bytes).
    Removing transformfunctions.o(i.arm_rfft_2048_fast_init_f32), (48 bytes).
    Removing transformfunctions.o(i.arm_rfft_2048_fast_init_f64), (56 bytes).
    Removing transformfunctions.o(i.arm_rfft_256_fast_init_f32), (48 bytes).
    Removing transformfunctions.o(i.arm_rfft_256_fast_init_f64), (52 bytes).
    Removing transformfunctions.o(i.arm_rfft_32_fast_init_f32), (44 bytes).
    Removing transformfunctions.o(i.arm_rfft_32_fast_init_f64), (52 bytes).
    Removing transformfunctions.o(i.arm_rfft_4096_fast_init_f32), (48 bytes).
    Removing transformfunctions.o(i.arm_rfft_4096_fast_init_f64), (56 bytes).
    Removing transformfunctions.o(i.arm_rfft_512_fast_init_f32), (48 bytes).
    Removing transformfunctions.o(i.arm_rfft_512_fast_init_f64), (56 bytes).
    Removing transformfunctions.o(i.arm_rfft_64_fast_init_f32), (44 bytes).
    Removing transformfunctions.o(i.arm_rfft_64_fast_init_f64), (52 bytes).
    Removing transformfunctions.o(i.arm_rfft_f32), (124 bytes).
    Removing transformfunctions.o(i.arm_rfft_fast_f32), (66 bytes).
    Removing transformfunctions.o(i.arm_rfft_fast_f64), (76 bytes).
    Removing transformfunctions.o(i.arm_rfft_fast_init_f32), (140 bytes).
    Removing transformfunctions.o(i.arm_rfft_fast_init_f64), (140 bytes).
    Removing transformfunctions.o(i.arm_rfft_init_f32), (152 bytes).
    Removing transformfunctions.o(i.arm_rfft_init_q15), (228 bytes).
    Removing transformfunctions.o(i.arm_rfft_init_q31), (228 bytes).
    Removing transformfunctions.o(i.arm_rfft_q15), (102 bytes).
    Removing transformfunctions.o(i.arm_rfft_q31), (102 bytes).
    Removing transformfunctions.o(i.arm_split_rfft_f32), (312 bytes).
    Removing transformfunctions.o(i.arm_split_rfft_q15), (430 bytes).
    Removing transformfunctions.o(i.arm_split_rfft_q31), (518 bytes).
    Removing transformfunctions.o(i.arm_split_rifft_f32), (200 bytes).
    Removing transformfunctions.o(i.arm_split_rifft_q15), (278 bytes).
    Removing transformfunctions.o(i.arm_split_rifft_q31), (318 bytes).
    Removing transformfunctions.o(i.merge_rfft_f32), (188 bytes).
    Removing transformfunctions.o(i.merge_rfft_f64), (536 bytes).
    Removing transformfunctions.o(i.stage_rfft_f32), (258 bytes).
    Removing transformfunctions.o(i.stage_rfft_f64), (612 bytes).
    Removing transformfunctionsf16.o(.rev16_text), (4 bytes).
    Removing transformfunctionsf16.o(.revsh_text), (4 bytes).
    Removing transformfunctionsf16.o(.rrx_text), (6 bytes).
    Removing startup_stm32f746xx.o(HEAP), (512 bytes).
    Removing system_stm32f7xx.o(.rev16_text), (4 bytes).
    Removing system_stm32f7xx.o(.revsh_text), (4 bytes).
    Removing system_stm32f7xx.o(.rrx_text), (6 bytes).
    Removing system_stm32f7xx.o(i.SystemCoreClockUpdate), (192 bytes).
    Removing system_stm32f7xx.o(.constdata), (24 bytes).
    Removing system_stm32f7xx.o(.data), (4 bytes).
    Removing dneg.o(.text), (6 bytes).
    Removing dfltui.o(.text), (26 bytes).
    Removing ffixl.o(.text), (66 bytes).
    Removing f2d.o(.text), (38 bytes).
    Removing cdcmple.o(.text), (48 bytes).
    Removing cdrcmple.o(.text), (48 bytes).
    Removing dsqrt.o(.text), (162 bytes).
    Removing fpstat.o(.text), (4 bytes).

566 unused section(s) (total 1039224 bytes) removed from the image.

==============================================================================

Image Symbol Table

    Local Symbols

    Symbol Name                              Value     Ov Type        Size  Object(Section)

    ../clib/microlib/division.c              0x00000000   Number         0  ldiv.o ABSOLUTE
    ../clib/microlib/division.c              0x00000000   Number         0  uldiv.o ABSOLUTE
    ../clib/microlib/errno.c                 0x00000000   Number         0  errno.o ABSOLUTE
    ../clib/microlib/init/entry.s            0x00000000   Number         0  entry8a.o ABSOLUTE
    ../clib/microlib/init/entry.s            0x00000000   Number         0  entry8b.o ABSOLUTE
    ../clib/microlib/init/entry.s            0x00000000   Number         0  entry9a.o ABSOLUTE
    ../clib/microlib/init/entry.s            0x00000000   Number         0  entry7b.o ABSOLUTE
    ../clib/microlib/init/entry.s            0x00000000   Number         0  entry9b.o ABSOLUTE
    ../clib/microlib/init/entry.s            0x00000000   Number         0  entry10a.o ABSOLUTE
    ../clib/microlib/init/entry.s            0x00000000   Number         0  entry10b.o ABSOLUTE
    ../clib/microlib/init/entry.s            0x00000000   Number         0  entry.o ABSOLUTE
    ../clib/microlib/init/entry.s            0x00000000   Number         0  entry11a.o ABSOLUTE
    ../clib/microlib/init/entry.s            0x00000000   Number         0  entry11b.o ABSOLUTE
    ../clib/microlib/init/entry.s            0x00000000   Number         0  entry12a.o ABSOLUTE
    ../clib/microlib/init/entry.s            0x00000000   Number         0  entry12b.o ABSOLUTE
    ../clib/microlib/init/entry.s            0x00000000   Number         0  entry7a.o ABSOLUTE
    ../clib/microlib/init/entry.s            0x00000000   Number         0  entry5.o ABSOLUTE
    ../clib/microlib/init/entry.s            0x00000000   Number         0  entry2.o ABSOLUTE
    ../clib/microlib/longlong.c              0x00000000   Number         0  llsshr.o ABSOLUTE
    ../clib/microlib/longlong.c              0x00000000   Number         0  llshl.o ABSOLUTE
    ../clib/microlib/longlong.c              0x00000000   Number         0  llushr.o ABSOLUTE
    ../clib/microlib/string/memcpy.c         0x00000000   Number         0  memcpyb.o ABSOLUTE
    ../clib/microlib/string/memcpy.c         0x00000000   Number         0  memcpya.o ABSOLUTE
    ../clib/microlib/string/memset.c         0x00000000   Number         0  memseta.o ABSOLUTE
    ../clib/microlib/stubs.s                 0x00000000   Number         0  iusefp.o ABSOLUTE
    ../fplib/microlib/d2f.c                  0x00000000   Number         0  d2f.o ABSOLUTE
    ../fplib/microlib/f2d.c                  0x00000000   Number         0  f2d.o ABSOLUTE
    ../fplib/microlib/fpadd.c                0x00000000   Number         0  dadd.o ABSOLUTE
    ../fplib/microlib/fpdiv.c                0x00000000   Number         0  ddiv.o ABSOLUTE
    ../fplib/microlib/fpepilogue.c           0x00000000   Number         0  depilogue.o ABSOLUTE
    ../fplib/microlib/fpepilogue.c           0x00000000   Number         0  fepilogue.o ABSOLUTE
    ../fplib/microlib/fpfix.c                0x00000000   Number         0  ffixl.o ABSOLUTE
    ../fplib/microlib/fpflt.c                0x00000000   Number         0  dfltui.o ABSOLUTE
    ../fplib/microlib/fpflt.c                0x00000000   Number         0  dflti.o ABSOLUTE
    ../fplib/microlib/fpmul.c                0x00000000   Number         0  dmul.o ABSOLUTE
    ../fplib/microlib/fpneg.c                0x00000000   Number         0  dneg.o ABSOLUTE
    ../fplib/microlib/fpsqrt.c               0x00000000   Number         0  dsqrt.o ABSOLUTE
    ../fplib/microlib/fpstat.c               0x00000000   Number         0  fpstat.o ABSOLUTE
    ../mathlib/dunder.c                      0x00000000   Number         0  dunder.o ABSOLUTE
    ../mathlib/expf.c                        0x00000000   Number         0  expf_x.o ABSOLUTE
    ../mathlib/expf.c                        0x00000000   Number         0  expf.o ABSOLUTE
    ../mathlib/fabs.c                        0x00000000   Number         0  fabs.o ABSOLUTE
    ../mathlib/fpclassifyf.c                 0x00000000   Number         0  fpclassifyf.o ABSOLUTE
    ../mathlib/funder.c                      0x00000000   Number         0  funder.o ABSOLUTE
    ../mathlib/log.c                         0x00000000   Number         0  log_x.o ABSOLUTE
    ../mathlib/log.c                         0x00000000   Number         0  log.o ABSOLUTE
    ../mathlib/logf.c                        0x00000000   Number         0  logf_x.o ABSOLUTE
    ../mathlib/logf.c                        0x00000000   Number         0  logf.o ABSOLUTE
    ../mathlib/poly.c                        0x00000000   Number         0  poly.o ABSOLUTE
    ../mathlib/powf.c                        0x00000000   Number         0  powf.o ABSOLUTE
    ../mathlib/powf.c                        0x00000000   Number         0  powf_x.o ABSOLUTE
    ../mathlib/qnan.c                        0x00000000   Number         0  qnan.o ABSOLUTE
    ../mathlib/sqrt.c                        0x00000000   Number         0  sqrt.o ABSOLUTE
    ../mathlib/sqrt.c                        0x00000000   Number         0  sqrt_x.o ABSOLUTE
    ../mathlib/sqrtf.c                       0x00000000   Number         0  sqrtf_x.o ABSOLUTE
    ../mathlib/sqrtf.c                       0x00000000   Number         0  sqrtf.o ABSOLUTE
    ../mathlib/tanhf.c                       0x00000000   Number         0  tanhf_x.o ABSOLUTE
    ../mathlib/tanhf.c                       0x00000000   Number         0  tanhf.o ABSOLUTE
    C:\Users\felip\AppData\Local\Arm\Packs\ARM\CMSIS\5.8.0\CMSIS\DSP\Source\BasicMathFunctions\BasicMathFunctions.c 0x00000000   Number         0  basicmathfunctions.o ABSOLUTE
    C:\Users\felip\AppData\Local\Arm\Packs\ARM\CMSIS\5.8.0\CMSIS\DSP\Source\BasicMathFunctions\BasicMathFunctionsF16.c 0x00000000   Number         0  basicmathfunctionsf16.o ABSOLUTE
    C:\Users\felip\AppData\Local\Arm\Packs\ARM\CMSIS\5.8.0\CMSIS\DSP\Source\BayesFunctions\BayesFunctions.c 0x00000000   Number         0  bayesfunctions.o ABSOLUTE
    C:\Users\felip\AppData\Local\Arm\Packs\ARM\CMSIS\5.8.0\CMSIS\DSP\Source\BayesFunctions\BayesFunctionsF16.c 0x00000000   Number         0  bayesfunctionsf16.o ABSOLUTE
    C:\Users\felip\AppData\Local\Arm\Packs\ARM\CMSIS\5.8.0\CMSIS\DSP\Source\CommonTables\CommonTables.c 0x00000000   Number         0  commontables.o ABSOLUTE
    C:\Users\felip\AppData\Local\Arm\Packs\ARM\CMSIS\5.8.0\CMSIS\DSP\Source\CommonTables\CommonTablesF16.c 0x00000000   Number         0  commontablesf16.o ABSOLUTE
    C:\Users\felip\AppData\Local\Arm\Packs\ARM\CMSIS\5.8.0\CMSIS\DSP\Source\ComplexMathFunctions\ComplexMathFunctions.c 0x00000000   Number         0  complexmathfunctions.o ABSOLUTE
    C:\Users\felip\AppData\Local\Arm\Packs\ARM\CMSIS\5.8.0\CMSIS\DSP\Source\ComplexMathFunctions\ComplexMathFunctionsF16.c 0x00000000   Number         0  complexmathfunctionsf16.o ABSOLUTE
    C:\Users\felip\AppData\Local\Arm\Packs\ARM\CMSIS\5.8.0\CMSIS\DSP\Source\ControllerFunctions\ControllerFunctions.c 0x00000000   Number         0  controllerfunctions.o ABSOLUTE
    C:\Users\felip\AppData\Local\Arm\Packs\ARM\CMSIS\5.8.0\CMSIS\DSP\Source\DistanceFunctions\DistanceFunctions.c 0x00000000   Number         0  distancefunctions.o ABSOLUTE
    C:\Users\felip\AppData\Local\Arm\Packs\ARM\CMSIS\5.8.0\CMSIS\DSP\Source\DistanceFunctions\DistanceFunctionsF16.c 0x00000000   Number         0  distancefunctionsf16.o ABSOLUTE
    C:\Users\felip\AppData\Local\Arm\Packs\ARM\CMSIS\5.8.0\CMSIS\DSP\Source\FastMathFunctions\FastMathFunctions.c 0x00000000   Number         0  fastmathfunctions.o ABSOLUTE
    C:\Users\felip\AppData\Local\Arm\Packs\ARM\CMSIS\5.8.0\CMSIS\DSP\Source\FastMathFunctions\FastMathFunctionsF16.c 0x00000000   Number         0  fastmathfunctionsf16.o ABSOLUTE
    C:\Users\felip\AppData\Local\Arm\Packs\ARM\CMSIS\5.8.0\CMSIS\DSP\Source\FilteringFunctions\FilteringFunctions.c 0x00000000   Number         0  filteringfunctions.o ABSOLUTE
    C:\Users\felip\AppData\Local\Arm\Packs\ARM\CMSIS\5.8.0\CMSIS\DSP\Source\FilteringFunctions\FilteringFunctionsF16.c 0x00000000   Number         0  filteringfunctionsf16.o ABSOLUTE
    C:\Users\felip\AppData\Local\Arm\Packs\ARM\CMSIS\5.8.0\CMSIS\DSP\Source\InterpolationFunctions\InterpolationFunctions.c 0x00000000   Number         0  interpolationfunctions.o ABSOLUTE
    C:\Users\felip\AppData\Local\Arm\Packs\ARM\CMSIS\5.8.0\CMSIS\DSP\Source\InterpolationFunctions\InterpolationFunctionsF16.c 0x00000000   Number         0  interpolationfunctionsf16.o ABSOLUTE
    C:\Users\felip\AppData\Local\Arm\Packs\ARM\CMSIS\5.8.0\CMSIS\DSP\Source\MatrixFunctions\MatrixFunctions.c 0x00000000   Number         0  matrixfunctions.o ABSOLUTE
    C:\Users\felip\AppData\Local\Arm\Packs\ARM\CMSIS\5.8.0\CMSIS\DSP\Source\MatrixFunctions\MatrixFunctionsF16.c 0x00000000   Number         0  matrixfunctionsf16.o ABSOLUTE
    C:\Users\felip\AppData\Local\Arm\Packs\ARM\CMSIS\5.8.0\CMSIS\DSP\Source\QuaternionMathFunctions\QuaternionMathFunctions.c 0x00000000   Number         0  quaternionmathfunctions.o ABSOLUTE
    C:\Users\felip\AppData\Local\Arm\Packs\ARM\CMSIS\5.8.0\CMSIS\DSP\Source\SVMFunctions\SVMFunctions.c 0x00000000   Number         0  svmfunctions.o ABSOLUTE
    C:\Users\felip\AppData\Local\Arm\Packs\ARM\CMSIS\5.8.0\CMSIS\DSP\Source\SVMFunctions\SVMFunctionsF16.c 0x00000000   Number         0  svmfunctionsf16.o ABSOLUTE
    C:\Users\felip\AppData\Local\Arm\Packs\ARM\CMSIS\5.8.0\CMSIS\DSP\Source\StatisticsFunctions\StatisticsFunctions.c 0x00000000   Number         0  statisticsfunctions.o ABSOLUTE
    C:\Users\felip\AppData\Local\Arm\Packs\ARM\CMSIS\5.8.0\CMSIS\DSP\Source\StatisticsFunctions\StatisticsFunctionsF16.c 0x00000000   Number         0  statisticsfunctionsf16.o ABSOLUTE
    C:\Users\felip\AppData\Local\Arm\Packs\ARM\CMSIS\5.8.0\CMSIS\DSP\Source\SupportFunctions\SupportFunctions.c 0x00000000   Number         0  supportfunctions.o ABSOLUTE
    C:\Users\felip\AppData\Local\Arm\Packs\ARM\CMSIS\5.8.0\CMSIS\DSP\Source\SupportFunctions\SupportFunctionsF16.c 0x00000000   Number         0  supportfunctionsf16.o ABSOLUTE
    C:\Users\felip\AppData\Local\Arm\Packs\ARM\CMSIS\5.8.0\CMSIS\DSP\Source\TransformFunctions\TransformFunctions.c 0x00000000   Number         0  transformfunctions.o ABSOLUTE
    C:\Users\felip\AppData\Local\Arm\Packs\ARM\CMSIS\5.8.0\CMSIS\DSP\Source\TransformFunctions\TransformFunctionsF16.c 0x00000000   Number         0  transformfunctionsf16.o ABSOLUTE
    C:\\Users\\felip\\AppData\\Local\\Arm\\Packs\\ARM\\CMSIS\\5.8.0\\CMSIS\\DSP\\Source\\BasicMathFunctions\\BasicMathFunctions.c 0x00000000   Number         0  basicmathfunctions.o ABSOLUTE
    C:\\Users\\felip\\AppData\\Local\\Arm\\Packs\\ARM\\CMSIS\\5.8.0\\CMSIS\\DSP\\Source\\BasicMathFunctions\\BasicMathFunctionsF16.c 0x00000000   Number         0  basicmathfunctionsf16.o ABSOLUTE
    C:\\Users\\felip\\AppData\\Local\\Arm\\Packs\\ARM\\CMSIS\\5.8.0\\CMSIS\\DSP\\Source\\BayesFunctions\\BayesFunctions.c 0x00000000   Number         0  bayesfunctions.o ABSOLUTE
    C:\\Users\\felip\\AppData\\Local\\Arm\\Packs\\ARM\\CMSIS\\5.8.0\\CMSIS\\DSP\\Source\\BayesFunctions\\BayesFunctionsF16.c 0x00000000   Number         0  bayesfunctionsf16.o ABSOLUTE
    C:\\Users\\felip\\AppData\\Local\\Arm\\Packs\\ARM\\CMSIS\\5.8.0\\CMSIS\\DSP\\Source\\CommonTables\\CommonTables.c 0x00000000   Number         0  commontables.o ABSOLUTE
    C:\\Users\\felip\\AppData\\Local\\Arm\\Packs\\ARM\\CMSIS\\5.8.0\\CMSIS\\DSP\\Source\\CommonTables\\CommonTablesF16.c 0x00000000   Number         0  commontablesf16.o ABSOLUTE
    C:\\Users\\felip\\AppData\\Local\\Arm\\Packs\\ARM\\CMSIS\\5.8.0\\CMSIS\\DSP\\Source\\ComplexMathFunctions\\ComplexMathFunctions.c 0x00000000   Number         0  complexmathfunctions.o ABSOLUTE
    C:\\Users\\felip\\AppData\\Local\\Arm\\Packs\\ARM\\CMSIS\\5.8.0\\CMSIS\\DSP\\Source\\ComplexMathFunctions\\ComplexMathFunctionsF16.c 0x00000000   Number         0  complexmathfunctionsf16.o ABSOLUTE
    C:\\Users\\felip\\AppData\\Local\\Arm\\Packs\\ARM\\CMSIS\\5.8.0\\CMSIS\\DSP\\Source\\ControllerFunctions\\ControllerFunctions.c 0x00000000   Number         0  controllerfunctions.o ABSOLUTE
    C:\\Users\\felip\\AppData\\Local\\Arm\\Packs\\ARM\\CMSIS\\5.8.0\\CMSIS\\DSP\\Source\\DistanceFunctions\\DistanceFunctions.c 0x00000000   Number         0  distancefunctions.o ABSOLUTE
    C:\\Users\\felip\\AppData\\Local\\Arm\\Packs\\ARM\\CMSIS\\5.8.0\\CMSIS\\DSP\\Source\\DistanceFunctions\\DistanceFunctionsF16.c 0x00000000   Number         0  distancefunctionsf16.o ABSOLUTE
    C:\\Users\\felip\\AppData\\Local\\Arm\\Packs\\ARM\\CMSIS\\5.8.0\\CMSIS\\DSP\\Source\\FastMathFunctions\\FastMathFunctions.c 0x00000000   Number         0  fastmathfunctions.o ABSOLUTE
    C:\\Users\\felip\\AppData\\Local\\Arm\\Packs\\ARM\\CMSIS\\5.8.0\\CMSIS\\DSP\\Source\\FastMathFunctions\\FastMathFunctionsF16.c 0x00000000   Number         0  fastmathfunctionsf16.o ABSOLUTE
    C:\\Users\\felip\\AppData\\Local\\Arm\\Packs\\ARM\\CMSIS\\5.8.0\\CMSIS\\DSP\\Source\\FilteringFunctions\\FilteringFunctions.c 0x00000000   Number         0  filteringfunctions.o ABSOLUTE
    C:\\Users\\felip\\AppData\\Local\\Arm\\Packs\\ARM\\CMSIS\\5.8.0\\CMSIS\\DSP\\Source\\FilteringFunctions\\FilteringFunctionsF16.c 0x00000000   Number         0  filteringfunctionsf16.o ABSOLUTE
    C:\\Users\\felip\\AppData\\Local\\Arm\\Packs\\ARM\\CMSIS\\5.8.0\\CMSIS\\DSP\\Source\\InterpolationFunctions\\InterpolationFunctions.c 0x00000000   Number         0  interpolationfunctions.o ABSOLUTE
    C:\\Users\\felip\\AppData\\Local\\Arm\\Packs\\ARM\\CMSIS\\5.8.0\\CMSIS\\DSP\\Source\\InterpolationFunctions\\InterpolationFunctionsF16.c 0x00000000   Number         0  interpolationfunctionsf16.o ABSOLUTE
    C:\\Users\\felip\\AppData\\Local\\Arm\\Packs\\ARM\\CMSIS\\5.8.0\\CMSIS\\DSP\\Source\\MatrixFunctions\\MatrixFunctions.c 0x00000000   Number         0  matrixfunctions.o ABSOLUTE
    C:\\Users\\felip\\AppData\\Local\\Arm\\Packs\\ARM\\CMSIS\\5.8.0\\CMSIS\\DSP\\Source\\MatrixFunctions\\MatrixFunctionsF16.c 0x00000000   Number         0  matrixfunctionsf16.o ABSOLUTE
    C:\\Users\\felip\\AppData\\Local\\Arm\\Packs\\ARM\\CMSIS\\5.8.0\\CMSIS\\DSP\\Source\\QuaternionMathFunctions\\QuaternionMathFunctions.c 0x00000000   Number         0  quaternionmathfunctions.o ABSOLUTE
    C:\\Users\\felip\\AppData\\Local\\Arm\\Packs\\ARM\\CMSIS\\5.8.0\\CMSIS\\DSP\\Source\\SVMFunctions\\SVMFunctions.c 0x00000000   Number         0  svmfunctions.o ABSOLUTE
    C:\\Users\\felip\\AppData\\Local\\Arm\\Packs\\ARM\\CMSIS\\5.8.0\\CMSIS\\DSP\\Source\\SVMFunctions\\SVMFunctionsF16.c 0x00000000   Number         0  svmfunctionsf16.o ABSOLUTE
    C:\\Users\\felip\\AppData\\Local\\Arm\\Packs\\ARM\\CMSIS\\5.8.0\\CMSIS\\DSP\\Source\\StatisticsFunctions\\StatisticsFunctions.c 0x00000000   Number         0  statisticsfunctions.o ABSOLUTE
    C:\\Users\\felip\\AppData\\Local\\Arm\\Packs\\ARM\\CMSIS\\5.8.0\\CMSIS\\DSP\\Source\\StatisticsFunctions\\StatisticsFunctionsF16.c 0x00000000   Number         0  statisticsfunctionsf16.o ABSOLUTE
    C:\\Users\\felip\\AppData\\Local\\Arm\\Packs\\ARM\\CMSIS\\5.8.0\\CMSIS\\DSP\\Source\\SupportFunctions\\SupportFunctions.c 0x00000000   Number         0  supportfunctions.o ABSOLUTE
    C:\\Users\\felip\\AppData\\Local\\Arm\\Packs\\ARM\\CMSIS\\5.8.0\\CMSIS\\DSP\\Source\\SupportFunctions\\SupportFunctionsF16.c 0x00000000   Number         0  supportfunctionsf16.o ABSOLUTE
    C:\\Users\\felip\\AppData\\Local\\Arm\\Packs\\ARM\\CMSIS\\5.8.0\\CMSIS\\DSP\\Source\\TransformFunctions\\TransformFunctions.c 0x00000000   Number         0  transformfunctions.o ABSOLUTE
    C:\\Users\\felip\\AppData\\Local\\Arm\\Packs\\ARM\\CMSIS\\5.8.0\\CMSIS\\DSP\\Source\\TransformFunctions\\TransformFunctionsF16.c 0x00000000   Number         0  transformfunctionsf16.o ABSOLUTE
    RTE\Device\STM32F746ZGTx\startup_stm32f746xx.s 0x00000000   Number         0  startup_stm32f746xx.o ABSOLUTE
    RTE\Device\STM32F746ZGTx\system_stm32f7xx.c 0x00000000   Number         0  system_stm32f7xx.o ABSOLUTE
    RTE\\Device\\STM32F746ZGTx\\system_stm32f7xx.c 0x00000000   Number         0  system_stm32f7xx.o ABSOLUTE
    cdcmple.s                                0x00000000   Number         0  cdcmple.o ABSOLUTE
    cdrcmple.s                               0x00000000   Number         0  cdrcmple.o ABSOLUTE
    dc.s                                     0x00000000   Number         0  dc.o ABSOLUTE
    handlers.s                               0x00000000   Number         0  handlers.o ABSOLUTE
    init.s                                   0x00000000   Number         0  init.o ABSOLUTE
    main.cpp                                 0x00000000   Number         0  main.o ABSOLUTE
    main.cpp                                 0x00000000   Number         0  main.o ABSOLUTE
    RESET                                    0x08000000   Section      456  startup_stm32f746xx.o(RESET)
    .ARM.Collect$$$$00000000                 0x080001c8   Section        0  entry.o(.ARM.Collect$$$$00000000)
    .ARM.Collect$$$$00000001                 0x080001c8   Section        4  entry2.o(.ARM.Collect$$$$00000001)
    .ARM.Collect$$$$00000004                 0x080001cc   Section        4  entry5.o(.ARM.Collect$$$$00000004)
    .ARM.Collect$$$$00000008                 0x080001d0   Section        0  entry7b.o(.ARM.Collect$$$$00000008)
    .ARM.Collect$$$$0000000A                 0x080001d0   Section        0  entry8b.o(.ARM.Collect$$$$0000000A)
    .ARM.Collect$$$$0000000B                 0x080001d0   Section        8  entry9a.o(.ARM.Collect$$$$0000000B)
    .ARM.Collect$$$$0000000E                 0x080001d8   Section        4  entry12b.o(.ARM.Collect$$$$0000000E)
    .ARM.Collect$$$$0000000F                 0x080001dc   Section        0  entry10a.o(.ARM.Collect$$$$0000000F)
    .ARM.Collect$$$$00000011                 0x080001dc   Section        0  entry11a.o(.ARM.Collect$$$$00000011)
    .ARM.Collect$$$$00002712                 0x080001dc   Section        4  entry2.o(.ARM.Collect$$$$00002712)
    __lit__00000000                          0x080001dc   Data           4  entry2.o(.ARM.Collect$$$$00002712)
    .text                                    0x080001e0   Section       36  startup_stm32f746xx.o(.text)
    $v0                                      0x080001e0   Number         0  startup_stm32f746xx.o(.text)
    .text                                    0x08000204   Section        0  llshl.o(.text)
    .text                                    0x08000222   Section        0  llsshr.o(.text)
    .text                                    0x08000246   Section        0  dadd.o(.text)
    .text                                    0x08000394   Section        0  dmul.o(.text)
    .text                                    0x08000478   Section        0  ddiv.o(.text)
    .text                                    0x08000556   Section        0  dflti.o(.text)
    .text                                    0x08000578   Section        0  d2f.o(.text)
    .text                                    0x080005b0   Section        0  llushr.o(.text)
    .text                                    0x080005d0   Section        0  iusefp.o(.text)
    .text                                    0x080005d0   Section        0  fepilogue.o(.text)
    .text                                    0x0800063e   Section        0  depilogue.o(.text)
    .text                                    0x080006f8   Section       36  init.o(.text)
    i.SystemInit                             0x0800071c   Section        0  system_stm32f7xx.o(i.SystemInit)
    i.UART4_IRQHandler                       0x08000738   Section        0  main.o(i.UART4_IRQHandler)
    i._Z10leer_datoscc                       0x0800074c   Section        0  main.o(i._Z10leer_datoscc)
    i._Z8escribirccc                         0x0800087c   Section        0  main.o(i._Z8escribirccc)
    i.__scatterload_copy                     0x0800090c   Section       14  handlers.o(i.__scatterload_copy)
    i.__scatterload_null                     0x0800091a   Section        2  handlers.o(i.__scatterload_null)
    i.__scatterload_zeroinit                 0x0800091c   Section       14  handlers.o(i.__scatterload_zeroinit)
    i.main                                   0x0800092c   Section        0  main.o(i.main)
    .data                                    0x20010000   Section       36  main.o(.data)
    STACK                                    0x20010028   Section     1024  startup_stm32f746xx.o(STACK)

    Global Symbols

    Symbol Name                              Value     Ov Type        Size  Object(Section)

    BuildAttributes$$THM_ISAv4$E$P$D$K$B$S$7EM$VFPi5$EXTD16$VFPS$VFMA$PE$PLD8$A:L22UL41UL21$X:L11$S22US41US21$IEEE1$IW$USESV6$~STKCKD$USESV7$~SHL$OTIME$ROPI$IEEEX$EBA8$MICROLIB$REQ8$PRES8$EABIv2 0x00000000   Number         0  anon$$obj.o ABSOLUTE
    __ARM_use_no_argv                        0x00000000   Number         0  main.o ABSOLUTE
    __arm_fini_                               - Undefined Weak Reference
    __cpp_initialize__aeabi_                  - Undefined Weak Reference
    __cxa_finalize                            - Undefined Weak Reference
    __decompress                              - Undefined Weak Reference
    _clock_init                               - Undefined Weak Reference
    _microlib_exit                            - Undefined Weak Reference
    __Vectors_Size                           0x000001c8   Number         0  startup_stm32f746xx.o ABSOLUTE
    __Vectors                                0x08000000   Data           4  startup_stm32f746xx.o(RESET)
    __Vectors_End                            0x080001c8   Data           0  startup_stm32f746xx.o(RESET)
    __main                                   0x080001c9   Thumb Code     0  entry.o(.ARM.Collect$$$$00000000)
    _main_stk                                0x080001c9   Thumb Code     0  entry2.o(.ARM.Collect$$$$00000001)
    _main_scatterload                        0x080001cd   Thumb Code     0  entry5.o(.ARM.Collect$$$$00000004)
    __main_after_scatterload                 0x080001d1   Thumb Code     0  entry5.o(.ARM.Collect$$$$00000004)
    _main_clock                              0x080001d1   Thumb Code     0  entry7b.o(.ARM.Collect$$$$00000008)
    _main_cpp_init                           0x080001d1   Thumb Code     0  entry8b.o(.ARM.Collect$$$$0000000A)
    _main_init                               0x080001d1   Thumb Code     0  entry9a.o(.ARM.Collect$$$$0000000B)
    __rt_lib_shutdown_fini                   0x080001d9   Thumb Code     0  entry12b.o(.ARM.Collect$$$$0000000E)
    __rt_final_cpp                           0x080001dd   Thumb Code     0  entry10a.o(.ARM.Collect$$$$0000000F)
    __rt_final_exit                          0x080001dd   Thumb Code     0  entry11a.o(.ARM.Collect$$$$00000011)
    Reset_Handler                            0x080001e1   Thumb Code     8  startup_stm32f746xx.o(.text)
    NMI_Handler                              0x080001e9   Thumb Code     2  startup_stm32f746xx.o(.text)
    HardFault_Handler                        0x080001eb   Thumb Code     2  startup_stm32f746xx.o(.text)
    MemManage_Handler                        0x080001ed   Thumb Code     2  startup_stm32f746xx.o(.text)
    BusFault_Handler                         0x080001ef   Thumb Code     2  startup_stm32f746xx.o(.text)
    UsageFault_Handler                       0x080001f1   Thumb Code     2  startup_stm32f746xx.o(.text)
    SVC_Handler                              0x080001f3   Thumb Code     2  startup_stm32f746xx.o(.text)
    DebugMon_Handler                         0x080001f5   Thumb Code     2  startup_stm32f746xx.o(.text)
    PendSV_Handler                           0x080001f7   Thumb Code     2  startup_stm32f746xx.o(.text)
    SysTick_Handler                          0x080001f9   Thumb Code     2  startup_stm32f746xx.o(.text)
    ADC_IRQHandler                           0x080001fb   Thumb Code     0  startup_stm32f746xx.o(.text)
    CAN1_RX0_IRQHandler                      0x080001fb   Thumb Code     0  startup_stm32f746xx.o(.text)
    CAN1_RX1_IRQHandler                      0x080001fb   Thumb Code     0  startup_stm32f746xx.o(.text)
    CAN1_SCE_IRQHandler                      0x080001fb   Thumb Code     0  startup_stm32f746xx.o(.text)
    CAN1_TX_IRQHandler                       0x080001fb   Thumb Code     0  startup_stm32f746xx.o(.text)
    CAN2_RX0_IRQHandler                      0x080001fb   Thumb Code     0  startup_stm32f746xx.o(.text)
    CAN2_RX1_IRQHandler                      0x080001fb   Thumb Code     0  startup_stm32f746xx.o(.text)
    CAN2_SCE_IRQHandler                      0x080001fb   Thumb Code     0  startup_stm32f746xx.o(.text)
    CAN2_TX_IRQHandler                       0x080001fb   Thumb Code     0  startup_stm32f746xx.o(.text)
    CEC_IRQHandler                           0x080001fb   Thumb Code     0  startup_stm32f746xx.o(.text)
    DCMI_IRQHandler                          0x080001fb   Thumb Code     0  startup_stm32f746xx.o(.text)
    DMA1_Stream0_IRQHandler                  0x080001fb   Thumb Code     0  startup_stm32f746xx.o(.text)
    DMA1_Stream1_IRQHandler                  0x080001fb   Thumb Code     0  startup_stm32f746xx.o(.text)
    DMA1_Stream2_IRQHandler                  0x080001fb   Thumb Code     0  startup_stm32f746xx.o(.text)
    DMA1_Stream3_IRQHandler                  0x080001fb   Thumb Code     0  startup_stm32f746xx.o(.text)
    DMA1_Stream4_IRQHandler                  0x080001fb   Thumb Code     0  startup_stm32f746xx.o(.text)
    DMA1_Stream5_IRQHandler                  0x080001fb   Thumb Code     0  startup_stm32f746xx.o(.text)
    DMA1_Stream6_IRQHandler                  0x080001fb   Thumb Code     0  startup_stm32f746xx.o(.text)
    DMA1_Stream7_IRQHandler                  0x080001fb   Thumb Code     0  startup_stm32f746xx.o(.text)
    DMA2D_IRQHandler                         0x080001fb   Thumb Code     0  startup_stm32f746xx.o(.text)
    DMA2_Stream0_IRQHandler                  0x080001fb   Thumb Code     0  startup_stm32f746xx.o(.text)
    DMA2_Stream1_IRQHandler                  0x080001fb   Thumb Code     0  startup_stm32f746xx.o(.text)
    DMA2_Stream2_IRQHandler                  0x080001fb   Thumb Code     0  startup_stm32f746xx.o(.text)
    DMA2_Stream3_IRQHandler                  0x080001fb   Thumb Code     0  startup_stm32f746xx.o(.text)
    DMA2_Stream4_IRQHandler                  0x080001fb   Thumb Code     0  startup_stm32f746xx.o(.text)
    DMA2_Stream5_IRQHandler                  0x080001fb   Thumb Code     0  startup_stm32f746xx.o(.text)
    DMA2_Stream6_IRQHandler                  0x080001fb   Thumb Code     0  startup_stm32f746xx.o(.text)
    DMA2_Stream7_IRQHandler                  0x080001fb   Thumb Code     0  startup_stm32f746xx.o(.text)
    ETH_IRQHandler                           0x080001fb   Thumb Code     0  startup_stm32f746xx.o(.text)
    ETH_WKUP_IRQHandler                      0x080001fb   Thumb Code     0  startup_stm32f746xx.o(.text)
    EXTI0_IRQHandler                         0x080001fb   Thumb Code     0  startup_stm32f746xx.o(.text)
    EXTI15_10_IRQHandler                     0x080001fb   Thumb Code     0  startup_stm32f746xx.o(.text)
    EXTI1_IRQHandler                         0x080001fb   Thumb Code     0  startup_stm32f746xx.o(.text)
    EXTI2_IRQHandler                         0x080001fb   Thumb Code     0  startup_stm32f746xx.o(.text)
    EXTI3_IRQHandler                         0x080001fb   Thumb Code     0  startup_stm32f746xx.o(.text)
    EXTI4_IRQHandler                         0x080001fb   Thumb Code     0  startup_stm32f746xx.o(.text)
    EXTI9_5_IRQHandler                       0x080001fb   Thumb Code     0  startup_stm32f746xx.o(.text)
    FLASH_IRQHandler                         0x080001fb   Thumb Code     0  startup_stm32f746xx.o(.text)
    FMC_IRQHandler                           0x080001fb   Thumb Code     0  startup_stm32f746xx.o(.text)
    FPU_IRQHandler                           0x080001fb   Thumb Code     0  startup_stm32f746xx.o(.text)
    I2C1_ER_IRQHandler                       0x080001fb   Thumb Code     0  startup_stm32f746xx.o(.text)
    I2C1_EV_IRQHandler                       0x080001fb   Thumb Code     0  startup_stm32f746xx.o(.text)
    I2C2_ER_IRQHandler                       0x080001fb   Thumb Code     0  startup_stm32f746xx.o(.text)
    I2C2_EV_IRQHandler                       0x080001fb   Thumb Code     0  startup_stm32f746xx.o(.text)
    I2C3_ER_IRQHandler                       0x080001fb   Thumb Code     0  startup_stm32f746xx.o(.text)
    I2C3_EV_IRQHandler                       0x080001fb   Thumb Code     0  startup_stm32f746xx.o(.text)
    I2C4_ER_IRQHandler                       0x080001fb   Thumb Code     0  startup_stm32f746xx.o(.text)
    I2C4_EV_IRQHandler                       0x080001fb   Thumb Code     0  startup_stm32f746xx.o(.text)
    LPTIM1_IRQHandler                        0x080001fb   Thumb Code     0  startup_stm32f746xx.o(.text)
    LTDC_ER_IRQHandler                       0x080001fb   Thumb Code     0  startup_stm32f746xx.o(.text)
    LTDC_IRQHandler                          0x080001fb   Thumb Code     0  startup_stm32f746xx.o(.text)
    OTG_FS_IRQHandler                        0x080001fb   Thumb Code     0  startup_stm32f746xx.o(.text)
    OTG_FS_WKUP_IRQHandler                   0x080001fb   Thumb Code     0  startup_stm32f746xx.o(.text)
    OTG_HS_EP1_IN_IRQHandler                 0x080001fb   Thumb Code     0  startup_stm32f746xx.o(.text)
    OTG_HS_EP1_OUT_IRQHandler                0x080001fb   Thumb Code     0  startup_stm32f746xx.o(.text)
    OTG_HS_IRQHandler                        0x080001fb   Thumb Code     0  startup_stm32f746xx.o(.text)
    OTG_HS_WKUP_IRQHandler                   0x080001fb   Thumb Code     0  startup_stm32f746xx.o(.text)
    PVD_IRQHandler                           0x080001fb   Thumb Code     0  startup_stm32f746xx.o(.text)
    QUADSPI_IRQHandler                       0x080001fb   Thumb Code     0  startup_stm32f746xx.o(.text)
    RCC_IRQHandler                           0x080001fb   Thumb Code     0  startup_stm32f746xx.o(.text)
    RNG_IRQHandler                           0x080001fb   Thumb Code     0  startup_stm32f746xx.o(.text)
    RTC_Alarm_IRQHandler                     0x080001fb   Thumb Code     0  startup_stm32f746xx.o(.text)
    RTC_WKUP_IRQHandler                      0x080001fb   Thumb Code     0  startup_stm32f746xx.o(.text)
    SAI1_IRQHandler                          0x080001fb   Thumb Code     0  startup_stm32f746xx.o(.text)
    SAI2_IRQHandler                          0x080001fb   Thumb Code     0  startup_stm32f746xx.o(.text)
    SDMMC1_IRQHandler                        0x080001fb   Thumb Code     0  startup_stm32f746xx.o(.text)
    SPDIF_RX_IRQHandler                      0x080001fb   Thumb Code     0  startup_stm32f746xx.o(.text)
    SPI1_IRQHandler                          0x080001fb   Thumb Code     0  startup_stm32f746xx.o(.text)
    SPI2_IRQHandler                          0x080001fb   Thumb Code     0  startup_stm32f746xx.o(.text)
    SPI3_IRQHandler                          0x080001fb   Thumb Code     0  startup_stm32f746xx.o(.text)
    SPI4_IRQHandler                          0x080001fb   Thumb Code     0  startup_stm32f746xx.o(.text)
    SPI5_IRQHandler                          0x080001fb   Thumb Code     0  startup_stm32f746xx.o(.text)
    SPI6_IRQHandler                          0x080001fb   Thumb Code     0  startup_stm32f746xx.o(.text)
    TAMP_STAMP_IRQHandler                    0x080001fb   Thumb Code     0  startup_stm32f746xx.o(.text)
    TIM1_BRK_TIM9_IRQHandler                 0x080001fb   Thumb Code     0  startup_stm32f746xx.o(.text)
    TIM1_CC_IRQHandler                       0x080001fb   Thumb Code     0  startup_stm32f746xx.o(.text)
    TIM1_TRG_COM_TIM11_IRQHandler            0x080001fb   Thumb Code     0  startup_stm32f746xx.o(.text)
    TIM1_UP_TIM10_IRQHandler                 0x080001fb   Thumb Code     0  startup_stm32f746xx.o(.text)
    TIM2_IRQHandler                          0x080001fb   Thumb Code     0  startup_stm32f746xx.o(.text)
    TIM3_IRQHandler                          0x080001fb   Thumb Code     0  startup_stm32f746xx.o(.text)
    TIM4_IRQHandler                          0x080001fb   Thumb Code     0  startup_stm32f746xx.o(.text)
    TIM5_IRQHandler                          0x080001fb   Thumb Code     0  startup_stm32f746xx.o(.text)
    TIM6_DAC_IRQHandler                      0x080001fb   Thumb Code     0  startup_stm32f746xx.o(.text)
    TIM7_IRQHandler                          0x080001fb   Thumb Code     0  startup_stm32f746xx.o(.text)
    TIM8_BRK_TIM12_IRQHandler                0x080001fb   Thumb Code     0  startup_stm32f746xx.o(.text)
    TIM8_CC_IRQHandler                       0x080001fb   Thumb Code     0  startup_stm32f746xx.o(.text)
    TIM8_TRG_COM_TIM14_IRQHandler            0x080001fb   Thumb Code     0  startup_stm32f746xx.o(.text)
    TIM8_UP_TIM13_IRQHandler                 0x080001fb   Thumb Code     0  startup_stm32f746xx.o(.text)
    UART5_IRQHandler                         0x080001fb   Thumb Code     0  startup_stm32f746xx.o(.text)
    UART7_IRQHandler                         0x080001fb   Thumb Code     0  startup_stm32f746xx.o(.text)
    UART8_IRQHandler                         0x080001fb   Thumb Code     0  startup_stm32f746xx.o(.text)
    USART1_IRQHandler                        0x080001fb   Thumb Code     0  startup_stm32f746xx.o(.text)
    USART2_IRQHandler                        0x080001fb   Thumb Code     0  startup_stm32f746xx.o(.text)
    USART3_IRQHandler                        0x080001fb   Thumb Code     0  startup_stm32f746xx.o(.text)
    USART6_IRQHandler                        0x080001fb   Thumb Code     0  startup_stm32f746xx.o(.text)
    WWDG_IRQHandler                          0x080001fb   Thumb Code     0  startup_stm32f746xx.o(.text)
    __aeabi_llsl                             0x08000205   Thumb Code    30  llshl.o(.text)
    _ll_shift_l                              0x08000205   Thumb Code     0  llshl.o(.text)
    __aeabi_lasr                             0x08000223   Thumb Code    36  llsshr.o(.text)
    _ll_sshift_r                             0x08000223   Thumb Code     0  llsshr.o(.text)
    __aeabi_dadd                             0x08000247   Thumb Code   322  dadd.o(.text)
    __aeabi_dsub                             0x08000389   Thumb Code     6  dadd.o(.text)
    __aeabi_drsub                            0x0800038f   Thumb Code     6  dadd.o(.text)
    __aeabi_dmul                             0x08000395   Thumb Code   228  dmul.o(.text)
    __aeabi_ddiv                             0x08000479   Thumb Code   222  ddiv.o(.text)
    __aeabi_i2d                              0x08000557   Thumb Code    34  dflti.o(.text)
    __aeabi_d2f                              0x08000579   Thumb Code    56  d2f.o(.text)
    __aeabi_llsr                             0x080005b1   Thumb Code    32  llushr.o(.text)
    _ll_ushift_r                             0x080005b1   Thumb Code     0  llushr.o(.text)
    __I$use$fp                               0x080005d1   Thumb Code     0  iusefp.o(.text)
    _float_round                             0x080005d1   Thumb Code    18  fepilogue.o(.text)
    _float_epilogue                          0x080005e3   Thumb Code    92  fepilogue.o(.text)
    _double_round                            0x0800063f   Thumb Code    30  depilogue.o(.text)
    _double_epilogue                         0x0800065d   Thumb Code   156  depilogue.o(.text)
    __scatterload                            0x080006f9   Thumb Code    28  init.o(.text)
    __scatterload_rt2                        0x080006f9   Thumb Code     0  init.o(.text)
    SystemInit                               0x0800071d   Thumb Code    24  system_stm32f7xx.o(i.SystemInit)
    UART4_IRQHandler                         0x08000739   Thumb Code    12  main.o(i.UART4_IRQHandler)
    leer_datos(char, char)                   0x0800074d   Thumb Code   298  main.o(i._Z10leer_datoscc)
    escribir(char, char, char)               0x0800087d   Thumb Code   140  main.o(i._Z8escribirccc)
    __scatterload_copy                       0x0800090d   Thumb Code    14  handlers.o(i.__scatterload_copy)
    __scatterload_null                       0x0800091b   Thumb Code     2  handlers.o(i.__scatterload_null)
    __scatterload_zeroinit                   0x0800091d   Thumb Code    14  handlers.o(i.__scatterload_zeroinit)
    main                                     0x0800092d   Thumb Code   666  main.o(i.main)
    Region$$Table$$Base                      0x08000c30   Number         0  anon$$obj.o(Region$$Table)
    Region$$Table$$Limit                     0x08000c50   Number         0  anon$$obj.o(Region$$Table)
    aceleracion_X                            0x20010000   Data           2  main.o(.data)
    aceleracion_Y                            0x20010002   Data           2  main.o(.data)
    aceleracion_Z                            0x20010004   Data           2  main.o(.data)
    temperatura                              0x20010006   Data           2  main.o(.data)
    aceleracion_X_convertida                 0x20010008   Data           4  main.o(.data)
    aceleracion_Y_convertida                 0x2001000c   Data           4  main.o(.data)
    aceleracion_Z_convertida                 0x20010010   Data           4  main.o(.data)
    temperatura_convertida                   0x20010014   Data           4  main.o(.data)
    temp                                     0x20010018   Data           2  main.o(.data)
    dato_recibido                            0x2001001a   Data           2  main.o(.data)
    caracter1                                0x2001001c   Data           2  main.o(.data)
    caracter2                                0x2001001e   Data           2  main.o(.data)
    caracter3                                0x20010020   Data           2  main.o(.data)
    caracter4                                0x20010022   Data           2  main.o(.data)
    __initial_sp                             0x20010428   Data           0  startup_stm32f746xx.o(STACK)



==============================================================================

Memory Map of the image

  Image Entry point : 0x080001e1

  Load Region LR_1 (Base: 0x08000000, Size: 0x00000c74, Max: 0xffffffff, ABSOLUTE)

    Execution Region ER_RO (Exec base: 0x08000000, Load base: 0x08000000, Size: 0x00000c50, Max: 0xffffffff, ABSOLUTE)

    Exec Addr    Load Addr    Size         Type   Attr      Idx    E Section Name        Object

    0x08000000   0x08000000   0x000001c8   Data   RO         4970    RESET               startup_stm32f746xx.o
    0x080001c8   0x080001c8   0x00000000   Code   RO         5132  * .ARM.Collect$$$$00000000  mc_w.l(entry.o)
    0x080001c8   0x080001c8   0x00000004   Code   RO         5204    .ARM.Collect$$$$00000001  mc_w.l(entry2.o)
    0x080001cc   0x080001cc   0x00000004   Code   RO         5207    .ARM.Collect$$$$00000004  mc_w.l(entry5.o)
    0x080001d0   0x080001d0   0x00000000   Code   RO         5209    .ARM.Collect$$$$00000008  mc_w.l(entry7b.o)
    0x080001d0   0x080001d0   0x00000000   Code   RO         5211    .ARM.Collect$$$$0000000A  mc_w.l(entry8b.o)
    0x080001d0   0x080001d0   0x00000008   Code   RO         5212    .ARM.Collect$$$$0000000B  mc_w.l(entry9a.o)
    0x080001d8   0x080001d8   0x00000004   Code   RO         5219    .ARM.Collect$$$$0000000E  mc_w.l(entry12b.o)
    0x080001dc   0x080001dc   0x00000000   Code   RO         5214    .ARM.Collect$$$$0000000F  mc_w.l(entry10a.o)
    0x080001dc   0x080001dc   0x00000000   Code   RO         5216    .ARM.Collect$$$$00000011  mc_w.l(entry11a.o)
    0x080001dc   0x080001dc   0x00000004   Code   RO         5205    .ARM.Collect$$$$00002712  mc_w.l(entry2.o)
    0x080001e0   0x080001e0   0x00000024   Code   RO         4971  * .text               startup_stm32f746xx.o
    0x08000204   0x08000204   0x0000001e   Code   RO         5139    .text               mc_w.l(llshl.o)
    0x08000222   0x08000222   0x00000024   Code   RO         5141    .text               mc_w.l(llsshr.o)
    0x08000246   0x08000246   0x0000014e   Code   RO         5149    .text               mf_w.l(dadd.o)
    0x08000394   0x08000394   0x000000e4   Code   RO         5151    .text               mf_w.l(dmul.o)
    0x08000478   0x08000478   0x000000de   Code   RO         5153    .text               mf_w.l(ddiv.o)
    0x08000556   0x08000556   0x00000022   Code   RO         5157    .text               mf_w.l(dflti.o)
    0x08000578   0x08000578   0x00000038   Code   RO         5169    .text               mf_w.l(d2f.o)
    0x080005b0   0x080005b0   0x00000020   Code   RO         5220    .text               mc_w.l(llushr.o)
    0x080005d0   0x080005d0   0x00000000   Code   RO         5229    .text               mc_w.l(iusefp.o)
    0x080005d0   0x080005d0   0x0000006e   Code   RO         5230    .text               mf_w.l(fepilogue.o)
    0x0800063e   0x0800063e   0x000000ba   Code   RO         5232    .text               mf_w.l(depilogue.o)
    0x080006f8   0x080006f8   0x00000024   Code   RO         5238    .text               mc_w.l(init.o)
    0x0800071c   0x0800071c   0x0000001c   Code   RO         4979    i.SystemInit        system_stm32f7xx.o
    0x08000738   0x08000738   0x00000014   Code   RO            4    i.UART4_IRQHandler  main.o
    0x0800074c   0x0800074c   0x00000130   Code   RO            5    i._Z10leer_datoscc  main.o
    0x0800087c   0x0800087c   0x00000090   Code   RO           10    i._Z8escribirccc    main.o
    0x0800090c   0x0800090c   0x0000000e   Code   RO         5242    i.__scatterload_copy  mc_w.l(handlers.o)
    0x0800091a   0x0800091a   0x00000002   Code   RO         5243    i.__scatterload_null  mc_w.l(handlers.o)
    0x0800091c   0x0800091c   0x0000000e   Code   RO         5244    i.__scatterload_zeroinit  mc_w.l(handlers.o)
    0x0800092a   0x0800092a   0x00000002   PAD
    0x0800092c   0x0800092c   0x00000304   Code   RO           11    i.main              main.o
    0x08000c30   0x08000c30   0x00000020   Data   RO         5240    Region$$Table       anon$$obj.o


    Execution Region ER_RW (Exec base: 0x20010000, Load base: 0x08000c50, Size: 0x00000024, Max: 0xffffffff, ABSOLUTE)

    Exec Addr    Load Addr    Size         Type   Attr      Idx    E Section Name        Object

    0x20010000   0x08000c50   0x00000024   Data   RW           20    .data               main.o


    Execution Region ER_ZI (Exec base: 0x20010024, Load base: 0x08000c74, Size: 0x00000404, Max: 0xffffffff, ABSOLUTE)

    Exec Addr    Load Addr    Size         Type   Attr      Idx    E Section Name        Object

    0x20010024   0x08000c74   0x00000004   PAD
    0x20010028        -       0x00000400   Zero   RW         4968    STACK               startup_stm32f746xx.o


==============================================================================

Image component sizes


      Code (inc. data)   RO Data    RW Data    ZI Data      Debug   Object Name

         0          0          0          0          0       1444   basicmathfunctions.o
      1240        124          0         36          0     683390   main.o
        36          8        456          0       1024        848   startup_stm32f746xx.o
        28          4          0          0          0        489   system_stm32f7xx.o

    ----------------------------------------------------------------------
      1304        136        488         36       1028     686171   Object Totals
         0          0         32          0          0          0   (incl. Generated)
         0          0          0          0          4          0   (incl. Padding)

    ----------------------------------------------------------------------

      Code (inc. data)   RO Data    RW Data    ZI Data      Debug   Library Member Name

         0          0          0          0          0          0   entry.o
         0          0          0          0          0          0   entry10a.o
         0          0          0          0          0          0   entry11a.o
         4          0          0          0          0          0   entry12b.o
         8          4          0          0          0          0   entry2.o
         4          0          0          0          0          0   entry5.o
         0          0          0          0          0          0   entry7b.o
         0          0          0          0          0          0   entry8b.o
         8          4          0          0          0          0   entry9a.o
        30          0          0          0          0          0   handlers.o
        36          8          0          0          0         68   init.o
         0          0          0          0          0          0   iusefp.o
        30          0          0          0          0         68   llshl.o
        36          0          0          0          0         68   llsshr.o
        32          0          0          0          0         68   llushr.o
        56          0          0          0          0         88   d2f.o
       334          0          0          0          0        148   dadd.o
       222          0          0          0          0        100   ddiv.o
       186          0          0          0          0        176   depilogue.o
        34          0          0          0          0         76   dflti.o
       228          0          0          0          0         96   dmul.o
       110          0          0          0          0        168   fepilogue.o

    ----------------------------------------------------------------------
      1360         16          0          0          0       1124   Library Totals
         2          0          0          0          0          0   (incl. Padding)

    ----------------------------------------------------------------------

      Code (inc. data)   RO Data    RW Data    ZI Data      Debug   Library Name

       188         16          0          0          0        272   mc_w.l
      1170          0          0          0          0        852   mf_w.l

    ----------------------------------------------------------------------
      1360         16          0          0          0       1124   Library Totals

    ----------------------------------------------------------------------

==============================================================================


      Code (inc. data)   RO Data    RW Data    ZI Data      Debug   

      2664        152        488         36       1028     686831   Grand Totals
      2664        152        488         36       1028     686831   ELF Image Totals
      2664        152        488         36          0          0   ROM Totals

==============================================================================

    Total RO  Size (Code + RO Data)                 3152 (   3.08kB)
    Total RW  Size (RW Data + ZI Data)              1064 (   1.04kB)
    Total ROM Size (Code + RO Data + RW Data)       3188 (   3.11kB)

==============================================================================

