main.c:101:6:HAL_TIM_IC_CaptureCallback	16	static
main.c:121:6:HAL_TIM_PeriodElapsedCallback	16	static
main.c:124:6:HAL_ADC_ConvCpltCallback	24	static
main.c:168:6:HAL_GPIO_EXTI_Callback	16	static
main.c:195:5:main	56	static
main.c:316:6:SystemClock_Config	88	static
main.c:360:13:MX_ADC1_Init	24	static
main.c:410:13:MX_SPI1_Init	8	static
main.c:448:13:MX_TIM2_Init	56	static
main.c:497:13:MX_TIM3_Init	64	static
main.c:556:13:MX_TIM4_Init	32	static
main.c:599:13:MX_DMA_Init	16	static
main.c:620:13:MX_GPIO_Init	40	static
main.c:659:6:Error_Handler	4	static,ignoring_inline_asm
