<html>
<body>
<pre>
<h1>µVision Build Log</h1>
<h2>Tool Versions:</h2>
IDE-Version: µVision V5.33.0.0
Copyright (C) 2020 ARM Ltd and ARM Germany GmbH. All rights reserved.
License Information: Andres felipe-andres9928@hotmail.com, Universidad Militar Nueva Granda, LIC=----
 
Tool Versions:
Toolchain:       MDK-Lite  Version: 5.33.0.0
Toolchain Path:  C:\Keil_v5\ARM\ARMCC\Bin
C Compiler:      Armcc.exe V5.06 update 7 (build 960)
Assembler:       Armasm.exe V5.06 update 7 (build 960)
Linker/Locator:  ArmLink.exe V5.06 update 7 (build 960)
Library Manager: ArmAr.exe V5.06 update 7 (build 960)
Hex Converter:   FromElf.exe V5.06 update 7 (build 960)
CPU DLL:         SARMCM3.DLL V5.33.0.0
Dialog DLL:      DCM.DLL V1.17.3.0
Target DLL:      STLink\ST-LINKIII-KEIL_SWO.dll V3.0.8.0
Dialog DLL:      TCM.DLL V1.48.0.0
 
<h2>Project:</h2>
C:\Users\felip\Desktop\Temperatura\temperatura.uvprojx
Project File Date:  03/18/2022

<h2>Output:</h2>
*** Using Compiler 'V5.06 update 7 (build 960)', folder: 'C:\Keil_v5\ARM\ARMCC\Bin'
*** Warning: You are compiling one or more files of source type C++ and have selected 'use MicroLIB'. MicroLIB does not support C++!
  
Rebuild target 'Target 1'
compiling BasicMathFunctionsF16.c...
compiling DistanceFunctionsF16.c...
compiling BasicMathFunctions.c...
C:\Users\felip\AppData\Local\Arm\Packs\ARM\CMSIS\5.8.0\CMSIS\DSP\Source\BasicMathFunctions\BasicMathFunctions.c(79): warning:  #1-D: last line of file ends without a newline
  #include "arm_clip_q7.c"
C:\Users\felip\AppData\Local\Arm\Packs\ARM\CMSIS\5.8.0\CMSIS\DSP\Source\BasicMathFunctions\BasicMathFunctions.c: 1 warning, 0 errors
compiling BayesFunctionsF16.c...
compiling BayesFunctions.c...
compiling FastMathFunctionsF16.c...
compiling CommonTablesF16.c...
compiling FastMathFunctions.c...
compiling ComplexMathFunctionsF16.c...
C:\Users\felip\AppData\Local\Arm\Packs\ARM\CMSIS\5.8.0\CMSIS\DSP\Source\ComplexMathFunctions\arm_cmplx_conj_f16.c(185): warning:  #1-D: last line of file ends without a newline
  #endif /* #if defined(ARM_FLOAT16_SUPPORTED) */
C:\Users\felip\AppData\Local\Arm\Packs\ARM\CMSIS\5.8.0\CMSIS\DSP\Source\ComplexMathFunctions\arm_cmplx_dot_prod_f16.c(288): warning:  #1-D: last line of file ends without a newline
  #endif /* #if defined(ARM_FLOAT16_SUPPORTED) */
C:\Users\felip\AppData\Local\Arm\Packs\ARM\CMSIS\5.8.0\CMSIS\DSP\Source\ComplexMathFunctions\arm_cmplx_mag_f16.c(241): warning:  #1-D: last line of file ends without a newline
  #endif /* #if defined(ARM_FLOAT16_SUPPORTED) */
C:\Users\felip\AppData\Local\Arm\Packs\ARM\CMSIS\5.8.0\CMSIS\DSP\Source\ComplexMathFunctions\arm_cmplx_mag_squared_f16.c(174): warning:  #1-D: last line of file ends without a newline
  #endif /* #if defined(ARM_FLOAT16_SUPPORTED) */
C:\Users\felip\AppData\Local\Arm\Packs\ARM\CMSIS\5.8.0\CMSIS\DSP\Source\ComplexMathFunctions\arm_cmplx_mult_cmplx_f16.c(271): warning:  #1-D: last line of file ends without a newline
  #endif /* #if defined(ARM_FLOAT16_SUPPORTED) */
C:\Users\felip\AppData\Local\Arm\Packs\ARM\CMSIS\5.8.0\CMSIS\DSP\Source\ComplexMathFunctions\arm_cmplx_mult_real_f16.c(194): warning:  #1-D: last line of file ends without a newline
  #endif /* #if defined(ARM_FLOAT16_SUPPORTED) */
C:\Users\felip\AppData\Local\Arm\Packs\ARM\CMSIS\5.8.0\CMSIS\DSP\Source\ComplexMathFunctions\ComplexMathFunctionsF16.c: 6 warnings, 0 errors
compiling ComplexMathFunctions.c...
compiling ControllerFunctions.c...
C:\Users\felip\AppData\Local\Arm\Packs\ARM\CMSIS\5.8.0\CMSIS\DSP\Source\ControllerFunctions\ControllerFunctions.c(46): warning:  #1-D: last line of file ends without a newline
  #endif
C:\Users\felip\AppData\Local\Arm\Packs\ARM\CMSIS\5.8.0\CMSIS\DSP\Source\ControllerFunctions\ControllerFunctions.c: 1 warning, 0 errors
compiling FilteringFunctionsF16.c...
C:\Users\felip\AppData\Local\Arm\Packs\ARM\CMSIS\5.8.0\CMSIS\DSP\Source\FilteringFunctions\arm_biquad_cascade_df1_f16.c(491): warning:  #1-D: last line of file ends without a newline
  #endif /*#if defined(ARM_FLOAT16_SUPPORTED)*/
C:\Users\felip\AppData\Local\Arm\Packs\ARM\CMSIS\5.8.0\CMSIS\DSP\Source\FilteringFunctions\arm_biquad_cascade_df1_init_f16.c(160): warning:  #1-D: last line of file ends without a newline
  #endif /* #if defined(ARM_FLOAT16_SUPPORTED) */
C:\Users\felip\AppData\Local\Arm\Packs\ARM\CMSIS\5.8.0\CMSIS\DSP\Source\FilteringFunctions\arm_biquad_cascade_df2T_init_f16.c(114): warning:  #1-D: last line of file ends without a newline
  #endif /* #if defined(ARM_FLOAT16_SUPPORTED) */
C:\Users\felip\AppData\Local\Arm\Packs\ARM\CMSIS\5.8.0\CMSIS\DSP\Source\FilteringFunctions\arm_biquad_cascade_stereo_df2T_f16.c(434): warning:  #1-D: last line of file ends without a newline
  #endif /* #if defined(ARM_FLOAT16_SUPPORTED) */
C:\Users\felip\AppData\Local\Arm\Packs\ARM\CMSIS\5.8.0\CMSIS\DSP\Source\FilteringFunctions\FilteringFunctionsF16.c: 4 warnings, 0 errors
compiling DistanceFunctions.c...
compiling InterpolationFunctionsF16.c...
compiling InterpolationFunctions.c...
compiling MatrixFunctionsF16.c...
compiling CommonTables.c...
compiling QuaternionMathFunctions.c...
C:\Users\felip\AppData\Local\Arm\Packs\ARM\CMSIS\5.8.0\CMSIS\DSP\Source\QuaternionMathFunctions\arm_rotation2quaternion_f32.c(183): warning:  #1035-D: single-precision operand implicitly converted to double-precision
          doubler = sqrtf(trace + 1.0) * 2; // invs=4*qw
C:\Users\felip\AppData\Local\Arm\Packs\ARM\CMSIS\5.8.0\CMSIS\DSP\Source\QuaternionMathFunctions\arm_rotation2quaternion_f32.c(184): warning:  #1035-D: single-precision operand implicitly converted to double-precision
          s = 1.0 / doubler;
C:\Users\felip\AppData\Local\Arm\Packs\ARM\CMSIS\5.8.0\CMSIS\DSP\Source\QuaternionMathFunctions\arm_rotation2quaternion_f32.c(185): warning:  #1035-D: single-precision operand implicitly converted to double-precision
          q[0] = 0.25 * doubler;
C:\Users\felip\AppData\Local\Arm\Packs\ARM\CMSIS\5.8.0\CMSIS\DSP\Source\QuaternionMathFunctions\arm_rotation2quaternion_f32.c(192): warning:  #1035-D: single-precision operand implicitly converted to double-precision
          doubler = sqrtf(1.0 + RI(0,0) - RI(1,1) - RI(2,2)) * 2; // invs=4*qx
C:\Users\felip\AppData\Local\Arm\Packs\ARM\CMSIS\5.8.0\CMSIS\DSP\Source\QuaternionMathFunctions\arm_rotation2quaternion_f32.c(193): warning:  #1035-D: single-precision operand implicitly converted to double-precision
          s = 1.0 / doubler;
C:\Users\felip\AppData\Local\Arm\Packs\ARM\CMSIS\5.8.0\CMSIS\DSP\Source\QuaternionMathFunctions\arm_rotation2quaternion_f32.c(195): warning:  #1035-D: single-precision operand implicitly converted to double-precision
          q[1] = 0.25 * doubler;
C:\Users\felip\AppData\Local\Arm\Packs\ARM\CMSIS\5.8.0\CMSIS\DSP\Source\QuaternionMathFunctions\arm_rotation2quaternion_f32.c(201): warning:  #1035-D: single-precision operand implicitly converted to double-precision
          doubler = sqrtf(1.0 + RI(1,1) - RI(0,0) - RI(2,2)) * 2; // invs=4*qy
C:\Users\felip\AppData\Local\Arm\Packs\ARM\CMSIS\5.8.0\CMSIS\DSP\Source\QuaternionMathFunctions\arm_rotation2quaternion_f32.c(202): warning:  #1035-D: single-precision operand implicitly converted to double-precision
          s = 1.0 / doubler;
C:\Users\felip\AppData\Local\Arm\Packs\ARM\CMSIS\5.8.0\CMSIS\DSP\Source\QuaternionMathFunctions\arm_rotation2quaternion_f32.c(205): warning:  #1035-D: single-precision operand implicitly converted to double-precision
          q[2] = 0.25 * doubler;
C:\Users\felip\AppData\Local\Arm\Packs\ARM\CMSIS\5.8.0\CMSIS\DSP\Source\QuaternionMathFunctions\arm_rotation2quaternion_f32.c(210): warning:  #1035-D: single-precision operand implicitly converted to double-precision
          doubler = sqrtf(1.0 + RI(2,2) - RI(0,0) - RI(1,1)) * 2; // invs=4*qz
C:\Users\felip\AppData\Local\Arm\Packs\ARM\CMSIS\5.8.0\CMSIS\DSP\Source\QuaternionMathFunctions\arm_rotation2quaternion_f32.c(211): warning:  #1035-D: single-precision operand implicitly converted to double-precision
          s = 1.0 / doubler;
C:\Users\felip\AppData\Local\Arm\Packs\ARM\CMSIS\5.8.0\CMSIS\DSP\Source\QuaternionMathFunctions\arm_rotation2quaternion_f32.c(215): warning:  #1035-D: single-precision operand implicitly converted to double-precision
          q[3] = 0.25 * doubler;
C:\Users\felip\AppData\Local\Arm\Packs\ARM\CMSIS\5.8.0\CMSIS\DSP\Source\QuaternionMathFunctions\QuaternionMathFunctions.c: 12 warnings, 0 errors
compiling SVMFunctions.c...
compiling SVMFunctionsF16.c...
compiling StatisticsFunctionsF16.c...
C:\Users\felip\AppData\Local\Arm\Packs\ARM\CMSIS\5.8.0\CMSIS\DSP\Source\StatisticsFunctions\StatisticsFunctionsF16.c(42): warning:  #1-D: last line of file ends without a newline
  #include "arm_absmin_f16.c"
C:\Users\felip\AppData\Local\Arm\Packs\ARM\CMSIS\5.8.0\CMSIS\DSP\Source\StatisticsFunctions\StatisticsFunctionsF16.c: 1 warning, 0 errors
compiling MatrixFunctions.c...
assembling startup_stm32f746xx.s...
compiling StatisticsFunctions.c...
C:\Users\felip\AppData\Local\Arm\Packs\ARM\CMSIS\5.8.0\CMSIS\DSP\Source\StatisticsFunctions\StatisticsFunctions.c(68): warning:  #1-D: last line of file ends without a newline
  #include "arm_absmin_q7.c"
C:\Users\felip\AppData\Local\Arm\Packs\ARM\CMSIS\5.8.0\CMSIS\DSP\Source\StatisticsFunctions\StatisticsFunctions.c: 1 warning, 0 errors
compiling SupportFunctions.c...
compiling SupportFunctionsF16.c...
compiling TransformFunctionsF16.c...
C:\Users\felip\AppData\Local\Arm\Packs\ARM\CMSIS\5.8.0\CMSIS\DSP\Include\arm_const_structs_f16.h(77): warning:  #1-D: last line of file ends without a newline
  #endif
C:\Users\felip\AppData\Local\Arm\Packs\ARM\CMSIS\5.8.0\CMSIS\DSP\Source\TransformFunctions\arm_cfft_radix2_f16.c(475): warning:  #1-D: last line of file ends without a newline
  #endif /* #if defined(ARM_FLOAT16_SUPPORTED) */
C:\Users\felip\AppData\Local\Arm\Packs\ARM\CMSIS\5.8.0\CMSIS\DSP\Source\TransformFunctions\arm_cfft_radix4_f16.c(1272): warning:  #1-D: last line of file ends without a newline
  #endif /* #if defined(ARM_FLOAT16_SUPPORTED) */
C:\Users\felip\AppData\Local\Arm\Packs\ARM\CMSIS\5.8.0\CMSIS\DSP\Source\TransformFunctions\arm_rfft_fast_init_f16.c(357): warning:  #1-D: last line of file ends without a newline
  #endif /*  #if defined(ARM_FLOAT16_SUPPORTED) */
C:\Users\felip\AppData\Local\Arm\Packs\ARM\CMSIS\5.8.0\CMSIS\DSP\Source\TransformFunctions\arm_cfft_radix8_f16.c(289): warning:  #1-D: last line of file ends without a newline
  #endif /* #if defined(ARM_FLOAT16_SUPPORTED) */
C:\Users\felip\AppData\Local\Arm\Packs\ARM\CMSIS\5.8.0\CMSIS\DSP\Source\TransformFunctions\arm_bitreversal_f16.c(102): warning:  #1-D: last line of file ends without a newline
  #endif /* #if defined(ARM_FLOAT16_SUPPORTED) */
C:\Users\felip\AppData\Local\Arm\Packs\ARM\CMSIS\5.8.0\CMSIS\DSP\Source\TransformFunctions\TransformFunctionsF16.c: 6 warnings, 0 errors
compiling TransformFunctions.c...
compiling FilteringFunctions.c...
compiling main.cpp...
main.cpp(180): warning:  #1-D: last line of file ends without a newline
  // ****************************************
main.cpp: 1 warning, 0 errors
compiling system_stm32f7xx.c...
linking...
Program Size: Code=2664 RO-data=488 RW-data=36 ZI-data=1028  
FromELF: creating hex file...
".\Objects\temperatura.axf" - 0 Error(s), 33 Warning(s).

<h2>Software Packages used:</h2>

Package Vendor: ARM
                http://www.keil.com/pack/ARM.CMSIS.5.8.0.pack
                ARM.CMSIS.5.8.0
                CMSIS (Common Microcontroller Software Interface Standard)
   * Component: CORE Version: 5.5.0
   * Component: DSP Variant: Source Version: 1.9.0-dev

Package Vendor: Keil
                http://www.keil.com/pack/Keil.STM32F7xx_DFP.2.14.0.pack
                Keil.STM32F7xx_DFP.2.14.0
                STMicroelectronics STM32F7 Series Device Support, Drivers and Examples
   * Component: Startup Version: 1.2.5

<h2>Collection of Component include folders:</h2>
  .\RTE\_Target_1
  C:\Users\felip\AppData\Local\Arm\Packs\ARM\CMSIS\5.8.0\CMSIS\Core\Include
  C:\Users\felip\AppData\Local\Arm\Packs\ARM\CMSIS\5.8.0\CMSIS\DSP\Include
  C:\Users\felip\AppData\Local\Arm\Packs\ARM\CMSIS\5.8.0\CMSIS\DSP\PrivateInclude
  C:\Users\felip\AppData\Local\Arm\Packs\Keil\STM32F7xx_DFP\2.14.0\Drivers\CMSIS\Device\ST\STM32F7xx\Include

<h2>Collection of Component Files used:</h2>

   * Component: ARM::CMSIS:CORE:5.5.0

   * Component: ARM::CMSIS:DSP:Source:1.9.0-dev
      Source file:   CMSIS\DSP\Source\FilteringFunctions\FilteringFunctionsF16.c
      Source file:   CMSIS\DSP\Source\BasicMathFunctions\BasicMathFunctions.c
      Source file:   CMSIS\DSP\Source\BasicMathFunctions\BasicMathFunctionsF16.c
      Source file:   CMSIS\DSP\Source\CommonTables\CommonTablesF16.c
      Source file:   CMSIS\DSP\Source\MatrixFunctions\MatrixFunctionsF16.c
      Source file:   CMSIS\DSP\Source\TransformFunctions\TransformFunctionsF16.c
      Source file:   CMSIS\DSP\Source\InterpolationFunctions\InterpolationFunctionsF16.c
      Source file:   CMSIS\DSP\Source\FilteringFunctions\FilteringFunctions.c
      Include file:  CMSIS\DSP\Include\arm_const_structs.h
      Source file:   CMSIS\DSP\Source\BayesFunctions\BayesFunctions.c
      Source file:   CMSIS\DSP\Source\CommonTables\CommonTables.c
      Source file:   CMSIS\DSP\Source\FastMathFunctions\FastMathFunctions.c
      Source file:   CMSIS\DSP\Source\StatisticsFunctions\StatisticsFunctions.c
      Include file:  CMSIS\DSP\Include\arm_math_f16.h
      Source file:   CMSIS\DSP\Source\QuaternionMathFunctions\QuaternionMathFunctions.c
      Source file:   CMSIS\DSP\Source\TransformFunctions\TransformFunctions.c
      Include file:  CMSIS\DSP\Include\arm_common_tables.h
      Include file:  CMSIS\DSP\Include\arm_math.h
      Source file:   CMSIS\DSP\Source\ComplexMathFunctions\ComplexMathFunctions.c
      Include file:  CMSIS\DSP\Include\arm_const_structs_f16.h
      Source file:   CMSIS\DSP\Source\MatrixFunctions\MatrixFunctions.c
      Source file:   CMSIS\DSP\Source\ControllerFunctions\ControllerFunctions.c
      Source file:   CMSIS\DSP\Source\SupportFunctions\SupportFunctions.c
      Source file:   CMSIS\DSP\Source\InterpolationFunctions\InterpolationFunctions.c
      Include file:  CMSIS\DSP\Include\arm_common_tables_f16.h
      Source file:   CMSIS\DSP\Source\DistanceFunctions\DistanceFunctions.c
      Source file:   CMSIS\DSP\Source\SVMFunctions\SVMFunctions.c
      Source file:   CMSIS\DSP\Source\ComplexMathFunctions\ComplexMathFunctionsF16.c
      Source file:   CMSIS\DSP\Source\StatisticsFunctions\StatisticsFunctionsF16.c
      Source file:   CMSIS\DSP\Source\DistanceFunctions\DistanceFunctionsF16.c
      Source file:   CMSIS\DSP\Source\FastMathFunctions\FastMathFunctionsF16.c
      Source file:   CMSIS\DSP\Source\SupportFunctions\SupportFunctionsF16.c
      Source file:   CMSIS\DSP\Source\BayesFunctions\BayesFunctionsF16.c
      Source file:   CMSIS\DSP\Source\SVMFunctions\SVMFunctionsF16.c

   * Component: Keil::Device:Startup:1.2.5
      Source file:   MDK\Device\Source\ARM\STM32F74x_75x_OTP.s
      Source file:   MDK\Device\Source\ARM\STM32F74x_75x_OPT.s
      Source file:   Drivers\CMSIS\Device\ST\STM32F7xx\Source\Templates\arm\startup_stm32f746xx.s
      Include file:  Drivers\CMSIS\Device\ST\STM32F7xx\Include\stm32f7xx.h
      Source file:   Drivers\CMSIS\Device\ST\STM32F7xx\Source\Templates\system_stm32f7xx.c
Build Time Elapsed:  00:00:04
</pre>
</body>
</html>
